[2026-08-11 06:13:45] [INFO] Daily sitemap sync completed. 15 links discovered.
[2026-08-11 06:15:01] [INFO] Starting regeneration for post ID: 3489
[2026-08-11 06:15:01] [INFO] Regenerating post for keyword: 'wordpress seo tips'
[2026-08-11 06:15:01] [INFO] Starting research for keyword: 'wordpress seo tips'
[2026-08-11 06:15:06] [DEBUG] Generated 6 queries for 'wordpress seo tips' via AI
[2026-08-11 06:15:06] [DEBUG] Searching: 'wordpress seo tips' (depth: basic)
[2026-08-11 06:15:10] [DEBUG] Searching: 'how to optimize a wordpress website for search engines' (depth: advanced)
[2026-08-11 06:15:14] [DEBUG] Searching: 'best wordpress seo plugins comparison yoast vs rank math' (depth: advanced)
[2026-08-11 06:15:21] [DEBUG] Searching: 'essential wordpress seo checklist for beginners' (depth: basic)
[2026-08-11 06:15:23] [DEBUG] Searching: 'why is wordpress good for search engine optimization' (depth: advanced)
[2026-08-11 06:15:27] [DEBUG] Searching: 'latest wordpress seo trends and ranking factors' (depth: advanced)
[2026-08-11 06:15:33] [INFO] Executed 6 searches (4 advanced, 2 basic)
[2026-08-11 06:15:33] [INFO] Analyzing 6 search responses
[2026-08-11 06:15:33] [SUCCESS] Research complete. Facts: 21, Sources: 28
[2026-08-11 06:16:08] [DEBUG] Content generated successfully for 'wordpress seo tips'. Length: 8809
[2026-08-11 06:16:08] [DEBUG] Starting link addition for keyword: 'wordpress seo tips'
[2026-08-11 06:16:08] [DEBUG] Internal linking enabled, max: 3
[2026-08-11 06:16:08] [DEBUG] Searching for internal links for keyword: 'wordpress seo tips'
[2026-08-11 06:16:08] [DEBUG] Found 123 published posts/pages
[2026-08-11 06:16:08] [DEBUG] Found 19 relevant internal links
[2026-08-11 06:16:08] [DEBUG] Internal candidate: 'Practical Wordpress Seo Tips to Boost Search Rankings' -> http://localhost/aryzohn/practical-wordpress-seo-tips-to-boost-search-rankings/
[2026-08-11 06:16:08] [DEBUG] Internal candidate: 'Are Your WordPress SEO Tips Actually Working? A Realist's Guide' -> http://localhost/aryzohn/are-your-wordpress-seo-tips-actually-working-a-realists-guide/
[2026-08-11 06:16:08] [DEBUG] Internal candidate: 'Why Most WordPress SEO Advice Fails (And What Actually Works)' -> http://localhost/aryzohn/why-most-wordpress-seo-advice-fails-and-what-actually-works/
[2026-08-11 06:16:08] [DEBUG] Internal candidate: 'Why Your WordPress SEO Strategy Isn't Working (And How to Fix It)' -> http://localhost/aryzohn/why-your-wordpress-seo-strategy-isnt-working-and-how-to-fix-it/
[2026-08-11 06:16:08] [DEBUG] Internal candidate: 'Unlock Your WordPress Potential: Essential Tips for a Thriving Site' -> http://localhost/aryzohn/unlock-your-wordpress-potential-essential-tips-for-a-thriving-site/
[2026-08-11 06:16:08] [DEBUG] Internal candidate: 'Is WordPress Still Worth It? An Honest Developer Take' -> http://localhost/aryzohn/is-wordpress-still-worth-it-an-honest-developer-take/
[2026-08-11 06:16:08] [DEBUG] Internal candidate: 'Are You Still Writing Laravel Like It's 2018? Practical Laravel Tips' -> http://localhost/aryzohn/are-you-still-writing-laravel-like-its-2018-practical-laravel-tips/
[2026-08-11 06:16:08] [DEBUG] Internal candidate: 'Beyond the Basics: What SEO Keyword Research *Really* Means in a Shifting Landscape' -> http://localhost/aryzohn/beyond-the-basics-what-seo-keyword-research-really-means-in-a-shifting-landscape/
[2026-08-11 06:16:08] [DEBUG] Internal candidate: 'Mastering Best Seo Company In Uae: A Comprehensive Overview by 2026' -> http://localhost/aryzohn/mastering-best-seo-company-in-uae-a-comprehensive-overview-by-2026/
[2026-08-11 06:16:08] [DEBUG] Internal candidate: 'freelancer mortgage tips 2025 Budgeting & Requirements Guide' -> http://localhost/aryzohn/freelancer-mortgage-tips-2025/
[2026-08-11 06:16:08] [DEBUG] Internal candidate: 'Self Employment Income Guide 2026 – Budgeting & Tax Tips' -> http://localhost/aryzohn/self-employment-income-tax-planning-guide-2026-budgeting-made-simple/
[2026-08-11 06:16:08] [DEBUG] Internal candidate: 'Practical Laravel Tips to Speed Up Your App and Write Cleaner Code' -> http://localhost/aryzohn/practical-laravel-tips-to-speed-up-your-app-and-write-cleaner-code/
[2026-08-11 06:16:08] [DEBUG] Internal candidate: 'Practical Laravel Tips Every Developer Needs to Know' -> http://localhost/aryzohn/practical-laravel-tips-every-developer-needs-to-know/
[2026-08-11 06:16:08] [DEBUG] Internal candidate: 'The Human Pulse of SEO Marketing: Why AI Needs Your Brain (and Heart)' -> http://localhost/aryzohn/the-human-pulse-of-seo-marketing-why-ai-needs-your-brain-and-heart/
[2026-08-11 06:16:08] [DEBUG] Internal candidate: 'Unlock AI's Potential: Smart Using Tips for Everyone' -> http://localhost/aryzohn/unlock-ais-potential-smart-using-tips-for-everyone/
[2026-08-11 06:16:08] [DEBUG] Internal candidate: 'Is SEO Marketing Still Relevant in an AI World? My Honest Take' -> http://localhost/aryzohn/is-seo-marketing-still-relevant-in-an-ai-world-my-honest-take/
[2026-08-11 06:16:08] [DEBUG] Internal candidate: 'Mastering Super Ai: Expert Tips and Best Practices' -> http://localhost/aryzohn/mastering-super-ai-expert-tips-and-best-practices/
[2026-08-11 06:16:08] [DEBUG] Internal candidate: 'How Seo Automation is Transforming the Industry' -> http://localhost/aryzohn/how-seo-automation-is-transforming-the-industry/
[2026-08-11 06:16:08] [DEBUG] Internal candidate: 'SEO Marketing' -> http://localhost/aryzohn/seo-marketing/
[2026-08-11 06:16:08] [DEBUG] Anchor 'Practical Wordpress Seo Tips to Boost Search Rankings' not found in content, skipping
[2026-08-11 06:16:08] [DEBUG] Could not insert link for anchor 'Are Your WordPress SEO Tips Actually Working? A Realist's Guide'
[2026-08-11 06:16:08] [DEBUG] Anchor 'Why Most WordPress SEO Advice Fails (And What Actually Works)' not found in content, skipping
[2026-08-11 06:16:08] [DEBUG] Could not insert link for anchor 'Why Your WordPress SEO Strategy Isn't Working (And How to Fix It)'
[2026-08-11 06:16:08] [DEBUG] Anchor 'Unlock Your WordPress Potential: Essential Tips for a Thriving Site' not found in content, skipping
[2026-08-11 06:16:08] [DEBUG] Anchor 'Is WordPress Still Worth It? An Honest Developer Take' not found in content, skipping
[2026-08-11 06:16:08] [DEBUG] Could not insert link for anchor 'Are You Still Writing Laravel Like It's 2018? Practical Laravel Tips'
[2026-08-11 06:16:08] [DEBUG] Anchor 'Beyond the Basics: What SEO Keyword Research *Really* Means in a Shifting Landscape' not found in content, skipping
[2026-08-11 06:16:08] [DEBUG] Anchor 'Mastering Best Seo Company In Uae: A Comprehensive Overview by 2026' not found in content, skipping
[2026-08-11 06:16:08] [DEBUG] Anchor 'freelancer mortgage tips 2025 Budgeting & Requirements Guide' not found in content, skipping
[2026-08-11 06:16:08] [DEBUG] Anchor 'Self Employment Income Guide 2026 – Budgeting & Tax Tips' not found in content, skipping
[2026-08-11 06:16:08] [DEBUG] Anchor 'Practical Laravel Tips to Speed Up Your App and Write Cleaner Code' not found in content, skipping
[2026-08-11 06:16:08] [DEBUG] Anchor 'Practical Laravel Tips Every Developer Needs to Know' not found in content, skipping
[2026-08-11 06:16:08] [DEBUG] Anchor 'The Human Pulse of SEO Marketing: Why AI Needs Your Brain (and Heart)' not found in content, skipping
[2026-08-11 06:16:08] [DEBUG] Could not insert link for anchor 'Unlock AI's Potential: Smart Using Tips for Everyone'
[2026-08-11 06:16:08] [DEBUG] Anchor 'Is SEO Marketing Still Relevant in an AI World? My Honest Take' not found in content, skipping
[2026-08-11 06:16:08] [DEBUG] Anchor 'Mastering Super Ai: Expert Tips and Best Practices' not found in content, skipping
[2026-08-11 06:16:08] [DEBUG] Anchor 'How Seo Automation is Transforming the Industry' not found in content, skipping
[2026-08-11 06:16:08] [DEBUG] Anchor 'SEO Marketing' not found in content, skipping
[2026-08-11 06:16:08] [DEBUG] Inserted 0 internal links out of 3 max
[2026-08-11 06:16:08] [DEBUG] External linking enabled, max: 3
[2026-08-11 06:16:08] [DEBUG] Searching for external links for keyword: 'wordpress seo tips'
[2026-08-11 06:16:08] [DEBUG] Found 1 external links
[2026-08-11 06:16:08] [DEBUG] External candidate: 'Do Google Reviews Help Seo The Surprising Impact Most Businesses Overlook' -> https://aryzohn.com/do-google-reviews-help-seo-the-surprising-impact-most-businesses-overlook/
[2026-08-11 06:16:08] [DEBUG] Anchor 'Do Google Reviews Help Seo The Surprising Impact Most Businesses Overlook' not found in content, skipping
[2026-08-11 06:16:08] [DEBUG] Inserted 0 external links out of 3 max
[2026-08-11 06:16:08] [DEBUG] get_image_for_post received post_data: ["keyword","title"]
[2026-08-11 06:16:08] [INFO] Using blog keyword for image search: 'wordpress seo tips'
[2026-08-11 06:16:08] [DEBUG] Searching Unsplash with query: 'wordpress seo tips' (per_page: 30)
[2026-08-11 06:16:10] [INFO] UNSPLASH SUCCESS: Found 30 images
[2026-08-11 06:16:10] [DEBUG] Found 30 images for keyword: 'wordpress seo tips'
[2026-08-11 06:16:10] [DEBUG] SCORE SUCCESS: Scored 30 images
[2026-08-11 06:16:10] [DEBUG] Top score: 43 (matches: 1)
[2026-08-11 06:16:10] [INFO] SUCCESS: Selected image with score: 43 for post
[2026-08-11 06:16:10] [DEBUG] Image URL: https://images.unsplash.com/photo-1566207474742-de921626ad0c?ixid=M3wxMDAzNDkxfDB8MXxzZWFyY2h8Mnx8d2...
[2026-08-11 06:16:10] [INFO] Image added to regenerated content
[2026-08-11 06:16:15] [SUCCESS] Post updated successfully. ID: 3489
[2026-08-11 06:16:15] [SUCCESS] Post regenerated successfully. Post ID: 3489
[2026-08-11 06:30:15] [INFO] Processing keyword: 'humans without ai' (Author ID: 3)
[2026-08-11 06:30:15] [INFO] Starting research for keyword: 'humans without ai'
[2026-08-11 06:30:24] [DEBUG] Generated 6 queries for 'humans without ai' via AI
[2026-08-11 06:30:24] [DEBUG] Searching: 'humans without ai' (depth: basic)
[2026-08-11 06:30:27] [DEBUG] Searching: 'What would the modern world look like if humans lived without AI' (depth: advanced)
[2026-08-11 06:30:31] [DEBUG] Searching: 'Benefits of human decision making without AI assistance' (depth: advanced)
[2026-08-11 06:30:36] [DEBUG] Searching: 'How to develop strong critical thinking skills without relying on AI' (depth: advanced)
[2026-08-11 06:30:41] [DEBUG] Searching: 'Human productivity with AI versus humans without AI' (depth: advanced)
[2026-08-11 06:30:44] [DEBUG] Searching: 'Future job roles that require humans working completely without AI' (depth: advanced)
[2026-08-11 06:30:49] [INFO] Executed 6 searches (5 advanced, 1 basic)
[2026-08-11 06:30:49] [INFO] Analyzing 6 search responses
[2026-08-11 06:30:49] [SUCCESS] Research complete. Facts: 27, Sources: 30
[2026-08-11 06:31:24] [DEBUG] Content generated successfully for 'humans without ai'. Length: 9825
[2026-08-11 06:31:24] [DEBUG] Content generated successfully. Length: 9825
[2026-08-11 06:31:24] [DEBUG] Starting link addition for keyword: 'humans without ai'
[2026-08-11 06:31:24] [DEBUG] Internal linking enabled, max: 3
[2026-08-11 06:31:24] [DEBUG] Searching for internal links for keyword: 'humans without ai'
[2026-08-11 06:31:24] [DEBUG] Found 123 published posts/pages
[2026-08-11 06:31:24] [DEBUG] Found 3 relevant internal links
[2026-08-11 06:31:24] [DEBUG] Internal candidate: 'Demystifying AI for Marketing: How to Scale Without Losing Your Soul' -> http://localhost/aryzohn/demystifying-ai-for-marketing-how-to-scale-without-losing-your-soul/
[2026-08-11 06:31:24] [DEBUG] Internal candidate: 'The Great Unwind: Are Humans Really Getting Lazy with AI?' -> http://localhost/aryzohn/the-great-unwind-are-humans-really-getting-lazy-with-ai/
[2026-08-11 06:31:24] [DEBUG] Internal candidate: 'Proven Strategies to Increase Revenue Without Expanding Your Team' -> http://localhost/aryzohn/proven-strategies-to-increase-revenue-without-expanding-your-team/
[2026-08-11 06:31:24] [DEBUG] Anchor 'Demystifying AI for Marketing: How to Scale Without Losing Your Soul' not found in content, skipping
[2026-08-11 06:31:24] [DEBUG] Anchor 'The Great Unwind: Are Humans Really Getting Lazy with AI?' not found in content, skipping
[2026-08-11 06:31:24] [DEBUG] Anchor 'Proven Strategies to Increase Revenue Without Expanding Your Team' not found in content, skipping
[2026-08-11 06:31:24] [DEBUG] Inserted 0 internal links out of 3 max
[2026-08-11 06:31:24] [DEBUG] External linking enabled, max: 3
[2026-08-11 06:31:24] [DEBUG] Searching for external links for keyword: 'humans without ai'
[2026-08-11 06:31:24] [WARNING] No external links found for keyword: 'humans without ai'
[2026-08-11 06:31:24] [DEBUG] get_image_for_post received post_data: ["keyword","title"]
[2026-08-11 06:31:24] [INFO] Using blog keyword for image search: 'humans without ai'
[2026-08-11 06:31:24] [DEBUG] Searching Unsplash with query: 'humans without ai' (per_page: 30)
[2026-08-11 06:31:25] [INFO] UNSPLASH SUCCESS: Found 30 images
[2026-08-11 06:31:25] [DEBUG] Found 30 images for keyword: 'humans without ai'
[2026-08-11 06:31:25] [DEBUG] SCORE SUCCESS: Scored 30 images
[2026-08-11 06:31:25] [DEBUG] Top score: 33 (matches: 0)
[2026-08-11 06:31:25] [INFO] SUCCESS: Selected image with score: 33 for post
[2026-08-11 06:31:25] [DEBUG] Image URL: https://images.unsplash.com/photo-1542892308-285fad36e1f9?ixid=M3wxMDAzNDkxfDB8MXxzZWFyY2h8Mnx8aHVtY...
[2026-08-11 06:31:26] [INFO] Image added to content
[2026-08-11 06:31:26] [DEBUG] Publishing post with title: Will Humans Without AI Be Left Behind in the Changing Economy?
[2026-08-11 06:31:26] [DEBUG] get_image_for_post received post_data: ["title","meta_description","content","featured_image","categories","keyword","author_id"]
[2026-08-11 06:31:26] [INFO] Using blog keyword for image search: 'humans without ai'
[2026-08-11 06:31:26] [DEBUG] Searching Unsplash with query: 'humans without ai' (per_page: 30)
[2026-08-11 06:31:27] [INFO] UNSPLASH SUCCESS: Found 30 images
[2026-08-11 06:31:27] [DEBUG] Found 30 images for keyword: 'humans without ai'
[2026-08-11 06:31:27] [DEBUG] SCORE SUCCESS: Scored 30 images
[2026-08-11 06:31:27] [DEBUG] Top score: 33 (matches: 0)
[2026-08-11 06:31:27] [INFO] SUCCESS: Selected image with score: 33 for post
[2026-08-11 06:31:27] [DEBUG] Image URL: https://images.unsplash.com/photo-1542892308-285fad36e1f9?ixid=M3wxMDAzNDkxfDB8MXxzZWFyY2h8Mnx8aHVtY...
[2026-08-11 06:31:33] [SUCCESS] Post published successfully. ID: 3495
[2026-08-11 06:31:33] [ERROR] IndexNow: Post 3495 submission failed. Errors: 
[2026-08-11 06:31:33] [SUCCESS] Post published successfully. Post ID: 3495
[2026-08-11 07:06:49] [DEBUG] Searching Unsplash with query: 'humans without ai' (per_page: 30)
[2026-08-11 07:06:49] [INFO] UNSPLASH SUCCESS: Found 30 images
[2026-08-11 07:06:49] [DEBUG] SCORE SUCCESS: Scored 30 images
[2026-08-11 07:06:49] [DEBUG] Top score: 33 (matches: 0)
[2026-08-11 07:07:11] [SUCCESS] Featured image set successfully for post ID: 3495 with alt text: 'humans without ai'
[2026-08-11 07:12:49] [INFO] Processing keyword: 'which stage of ai will not need humans' (Author ID: 3)
[2026-08-11 07:12:49] [INFO] Starting research for keyword: 'which stage of ai will not need humans'
[2026-08-11 07:12:54] [DEBUG] Generated 6 queries for 'which stage of ai will not need humans' via AI
[2026-08-11 07:12:54] [DEBUG] Searching: 'which stage of ai will not need humans' (depth: basic)
[2026-08-11 07:12:57] [DEBUG] Searching: 'Which level of AI development requires zero human intervention' (depth: advanced)
[2026-08-11 07:13:02] [DEBUG] Searching: 'Artificial General Intelligence vs Superintelligence human dependency' (depth: advanced)
[2026-08-11 07:13:06] [DEBUG] Searching: 'Timeline for artificial intelligence to achieve complete autonomy' (depth: advanced)
[2026-08-11 07:13:12] [DEBUG] Searching: 'How do the stages of AI transition from human-in-the-loop to fully independent' (depth: advanced)
[2026-08-11 07:13:18] [DEBUG] Searching: 'What are the main levels of AI autonomy and human involvement' (depth: advanced)
[2026-08-11 07:13:26] [INFO] Executed 6 searches (5 advanced, 1 basic)
[2026-08-11 07:13:26] [INFO] Analyzing 6 search responses
[2026-08-11 07:13:26] [SUCCESS] Research complete. Facts: 23, Sources: 30
[2026-08-11 07:14:06] [DEBUG] Content generated successfully for 'which stage of ai will not need humans'. Length: 12766
[2026-08-11 07:14:06] [DEBUG] Content generated successfully. Length: 12766
[2026-08-11 07:14:06] [DEBUG] Starting link addition for keyword: 'which stage of ai will not need humans'
[2026-08-11 07:14:06] [DEBUG] Internal linking enabled, max: 3
[2026-08-11 07:14:06] [DEBUG] Searching for internal links for keyword: 'which stage of ai will not need humans'
[2026-08-11 07:14:06] [DEBUG] Found 124 published posts/pages
[2026-08-11 07:14:06] [DEBUG] Found 98 relevant internal links
[2026-08-11 07:14:06] [DEBUG] Internal candidate: 'Will Humans Without AI Be Left Behind in the Changing Economy?' -> http://localhost/aryzohn/will-humans-without-ai-be-left-behind-in-the-changing-economy/
[2026-08-11 07:14:06] [DEBUG] Internal candidate: 'The Great Unwind: Are Humans Really Getting Lazy with AI?' -> http://localhost/aryzohn/the-great-unwind-are-humans-really-getting-lazy-with-ai/
[2026-08-11 07:14:06] [DEBUG] Internal candidate: 'Beyond the Hype: Unpacking the Real AI Danger We Need to Talk About' -> http://localhost/aryzohn/beyond-the-hype-unpacking-the-real-ai-danger-we-need-to-talk-about/
[2026-08-11 07:14:06] [DEBUG] Internal candidate: 'Complete Guide to Sda: Everything You Need to Know' -> http://localhost/aryzohn/complete-guide-to-sda-everything-you-need-to-know/
[2026-08-11 07:14:06] [DEBUG] Internal candidate: 'Practical Laravel Tips Every Developer Needs to Know' -> http://localhost/aryzohn/practical-laravel-tips-every-developer-needs-to-know/
[2026-08-11 07:14:06] [DEBUG] Internal candidate: 'Genrale Ai Explained: A Comprehensive Overview' -> http://localhost/aryzohn/genrale-ai-explained-a-comprehensive-overview/
[2026-08-11 07:14:06] [DEBUG] Internal candidate: 'Complete Guide to New Tech Ai: Everything You Need to Know' -> http://localhost/aryzohn/complete-guide-to-new-tech-ai-everything-you-need-to-know/
[2026-08-11 07:14:06] [DEBUG] Internal candidate: 'Complete Guide to Asd: Everything You Need to Know' -> http://localhost/aryzohn/complete-guide-to-asd-everything-you-need-to-know/
[2026-08-11 07:14:06] [DEBUG] Internal candidate: 'Custom Software Development: Everything You Need to Know in 2026' -> http://localhost/aryzohn/custom-software-development-everything-you-need-to-know-in-2026/
[2026-08-11 07:14:06] [DEBUG] Internal candidate: 'Should You Use AI for Content? Here is What Marketers Need to Know' -> http://localhost/aryzohn/should-you-use-ai-for-content-here-is-what-marketers-need-to-know/
[2026-08-11 07:14:06] [DEBUG] Internal candidate: 'Unlocking the Search Puzzle: Why Modern Keyword Research is Your Secret Weapon' -> http://localhost/aryzohn/unlocking-the-search-puzzle-why-modern-keyword-research-is-your-secret-weapon/
[2026-08-11 07:14:06] [DEBUG] Internal candidate: 'Mastering Blog Writing: Connect, Engage, and Grow Your Audience' -> http://localhost/aryzohn/mastering-blog-writing-connect-engage-and-grow-your-audience/
[2026-08-11 07:14:06] [DEBUG] Internal candidate: 'The Human Pulse of SEO Marketing: Why AI Needs Your Brain (and Heart)' -> http://localhost/aryzohn/the-human-pulse-of-seo-marketing-why-ai-needs-your-brain-and-heart/
[2026-08-11 07:14:06] [DEBUG] Internal candidate: 'The AI Horizon: What's Next with New Upcoming AIs?' -> http://localhost/aryzohn/the-ai-horizon-whats-next-with-new-upcoming-ais/
[2026-08-11 07:14:06] [DEBUG] Internal candidate: 'Unlock AI's Potential: Smart Using Tips for Everyone' -> http://localhost/aryzohn/unlock-ais-potential-smart-using-tips-for-everyone/
[2026-08-11 07:14:06] [DEBUG] Internal candidate: 'Complete Guide to Sda: Everything You Need to Know' -> http://localhost/aryzohn/complete-guide-to-sda-everything-you-need-to-know-2/
[2026-08-11 07:14:06] [DEBUG] Internal candidate: 'Complete Guide to F: Everything You Need to Know' -> http://localhost/aryzohn/complete-guide-to-f-everything-you-need-to-know/
[2026-08-11 07:14:06] [DEBUG] Internal candidate: 'Complete Guide to Sadfsda: Everything You Need to Know' -> http://localhost/aryzohn/complete-guide-to-sadfsda-everything-you-need-to-know/
[2026-08-11 07:14:06] [DEBUG] Internal candidate: 'Why Your Dubai Business Needs a World-Class UI/UX Designer (And How We Deliver)' -> http://localhost/aryzohn/why-your-dubai-business-needs-a-world-class-ui-ux-designer-and-how-we-deliver/
[2026-08-11 07:14:06] [DEBUG] Internal candidate: 'Are Your WordPress SEO Tips Actually Working? A Realist's Guide' -> http://localhost/aryzohn/are-your-wordpress-seo-tips-actually-working-a-realists-guide/
[2026-08-11 07:14:06] [DEBUG] Internal candidate: 'Why Most WordPress SEO Advice Fails (And What Actually Works)' -> http://localhost/aryzohn/why-most-wordpress-seo-advice-fails-and-what-actually-works/
[2026-08-11 07:14:06] [DEBUG] Internal candidate: 'Should You Use AI for Content? The Honest Truth for Writers' -> http://localhost/aryzohn/should-you-use-ai-for-content-the-honest-truth-for-writers/
[2026-08-11 07:14:06] [DEBUG] Internal candidate: 'Demystifying AI for Marketing: How to Scale Without Losing Your Soul' -> http://localhost/aryzohn/demystifying-ai-for-marketing-how-to-scale-without-losing-your-soul/
[2026-08-11 07:14:06] [DEBUG] Internal candidate: 'Why Your WordPress SEO Strategy Isn't Working (And How to Fix It)' -> http://localhost/aryzohn/why-your-wordpress-seo-strategy-isnt-working-and-how-to-fix-it/
[2026-08-11 07:14:06] [DEBUG] Internal candidate: 'Beyond Blue Links: Is the AI Search Engine the Future of Finding?' -> http://localhost/aryzohn/beyond-blue-links-is-the-ai-search-engine-the-future-of-finding/
[2026-08-11 07:14:06] [DEBUG] Internal candidate: 'Diving Deep: What's Next for Next Gen AI?' -> http://localhost/aryzohn/diving-deep-whats-next-for-next-gen-ai/
[2026-08-11 07:14:06] [DEBUG] Internal candidate: 'The Dawn of Super AI: Humanity's Next Frontier?' -> http://localhost/aryzohn/the-dawn-of-super-ai-humanitys-next-frontier/
[2026-08-11 07:14:06] [DEBUG] Internal candidate: 'AI Hacking: Are We Ready for the Digital Wild West?' -> http://localhost/aryzohn/ai-hacking-are-we-ready-for-the-digital-wild-west/
[2026-08-11 07:14:06] [DEBUG] Internal candidate: 'Beyond the Bots: Can Auto Blog Post Using AI Actually Sound Human?' -> http://localhost/aryzohn/beyond-the-bots-can-auto-blog-post-using-ai-actually-sound-human/
[2026-08-11 07:14:06] [DEBUG] Internal candidate: 'Beyond the Basics: What SEO Keyword Research *Really* Means in a Shifting Landscape' -> http://localhost/aryzohn/beyond-the-basics-what-seo-keyword-research-really-means-in-a-shifting-landscape/
[2026-08-11 07:14:06] [DEBUG] Internal candidate: 'Is SEO Marketing Still Relevant in an AI World? My Honest Take' -> http://localhost/aryzohn/is-seo-marketing-still-relevant-in-an-ai-world-my-honest-take/
[2026-08-11 07:14:06] [DEBUG] Internal candidate: 'Mastering Super Ai: Expert Tips and Best Practices' -> http://localhost/aryzohn/mastering-super-ai-expert-tips-and-best-practices/
[2026-08-11 07:14:06] [DEBUG] Internal candidate: 'Complete Guide to Bloging Issues: Everything You Need to Know' -> http://localhost/aryzohn/complete-guide-to-bloging-issues-everything-you-need-to-know/
[2026-08-11 07:14:06] [DEBUG] Internal candidate: 'Complete Guide to Deep Learning Ai: Everything You Need to Know' -> http://localhost/aryzohn/complete-guide-to-deep-learning-ai-everything-you-need-to-know/
[2026-08-11 07:14:06] [DEBUG] Internal candidate: 'Complete Guide to Asdfsda: Everything You Need to Know' -> http://localhost/aryzohn/complete-guide-to-asdfsda-everything-you-need-to-know/
[2026-08-11 07:14:06] [DEBUG] Internal candidate: 'Complete Guide to F: Everything You Need to Know' -> http://localhost/aryzohn/complete-guide-to-f-everything-you-need-to-know-2/
[2026-08-11 07:14:06] [DEBUG] Internal candidate: 'Independent Contractor vs Employee Taxes: My 2026 Gig Worker Survival Guide' -> http://localhost/aryzohn/independent-contractor-vs-employee-taxes-my-2026-gig-worker-survival-guide/
[2026-08-11 07:14:06] [DEBUG] Internal candidate: 'Separate Business &amp; Personal Finances as a Gig Worker: 2026 Guide' -> http://localhost/aryzohn/separate-business-personal-finances-as-a-gig-worker-2026-guide/
[2026-08-11 07:14:06] [DEBUG] Internal candidate: 'Instacart Shopper Tax Deductions: Your Complete 2026 Guide to Saving Big' -> http://localhost/aryzohn/instacart-shopper-tax-deductions-your-complete-2026-guide-to-saving-big/
[2026-08-11 07:14:06] [DEBUG] Internal candidate: 'Best Free Accounting Software for Freelancers 2026: Your Tax Season Lifesaver' -> http://localhost/aryzohn/best-free-accounting-software-for-freelancers-2026-your-tax-season-lifesaver/
[2026-08-11 07:14:06] [DEBUG] Internal candidate: 'Which Web App Operating System Is Best in 2026? Guide' -> http://localhost/aryzohn/which-operating-system-is-optimized-for-web-apps-2026-guide/
[2026-08-11 07:14:06] [DEBUG] Internal candidate: 'Side Hustle Income Tax Reporting Guide: Don't Fear the IRS in 2026!' -> http://localhost/aryzohn/side-hustle-income-tax-reporting-guide-dont-fear-the-irs-in-2026/
[2026-08-11 07:14:06] [DEBUG] Internal candidate: 'DoorDash Driver Tax Deductions: Your Full 2026 Guide to Saving Big' -> http://localhost/aryzohn/doordash-driver-tax-deductions-your-full-2026-guide-to-saving-big/
[2026-08-11 07:14:06] [DEBUG] Internal candidate: 'Grubhub Delivery Driver Taxes Explained: Your 2026 Guide' -> http://localhost/aryzohn/grubhub-delivery-driver-taxes-explained-your-2026-guide/
[2026-08-11 07:14:06] [DEBUG] Internal candidate: 'Practical Laravel Tips to Speed Up Your App and Write Cleaner Code' -> http://localhost/aryzohn/practical-laravel-tips-to-speed-up-your-app-and-write-cleaner-code/
[2026-08-11 07:14:06] [DEBUG] Internal candidate: 'Is AI for Small Businesses Actually Worth the Hype? A Candid Guide' -> http://localhost/aryzohn/is-ai-for-small-businesses-actually-worth-the-hype-a-candid-guide/
[2026-08-11 07:14:06] [DEBUG] Internal candidate: 'Stop Paying for Subscriptions: The Free AI Tools You'll Actually Use Every Day' -> http://localhost/aryzohn/stop-paying-for-subscriptions-the-free-ai-tools-youll-actually-use-every-day/
[2026-08-11 07:14:06] [DEBUG] Internal candidate: 'Why AI Lead Generation Still Fails (And How to Fix It)' -> http://localhost/aryzohn/why-ai-lead-generation-still-fails-and-how-to-fix-it/
[2026-08-11 07:14:06] [DEBUG] Internal candidate: 'Are You Still Writing Laravel Like It's 2018? Practical Laravel Tips' -> http://localhost/aryzohn/are-you-still-writing-laravel-like-its-2018-practical-laravel-tips/
[2026-08-11 07:14:06] [DEBUG] Internal candidate: 'Smart Chatbots: Are They Really Thinking, Or Just Really Good at Talking?' -> http://localhost/aryzohn/smart-chatbots-are-they-really-thinking-or-just-really-good-at-talking/
[2026-08-11 07:14:06] [DEBUG] Internal candidate: 'The Quantum Secret Inside Your CPU: Unpacking the Physics of Computer Processors' -> http://localhost/aryzohn/the-quantum-secret-inside-your-cpu-unpacking-the-physics-of-computer-processors/
[2026-08-11 07:14:06] [DEBUG] Internal candidate: 'Beyond the Core: What's Next for New Processor Types?' -> http://localhost/aryzohn/beyond-the-core-whats-next-for-new-processor-types/
[2026-08-11 07:14:06] [DEBUG] Internal candidate: 'Blogging in 2024: Is Your Voice Still Heard in the Digital Noise?' -> http://localhost/aryzohn/blogging-in-2024-is-your-voice-still-heard-in-the-digital-noise/
[2026-08-11 07:14:06] [DEBUG] Internal candidate: 'The Invisible Energy Bill: Unpacking AI Power Consumption' -> http://localhost/aryzohn/the-invisible-energy-bill-unpacking-ai-power-consumption/
[2026-08-11 07:14:06] [DEBUG] Internal candidate: 'Unlock Your WordPress Potential: Essential Tips for a Thriving Site' -> http://localhost/aryzohn/unlock-your-wordpress-potential-essential-tips-for-a-thriving-site/
[2026-08-11 07:14:06] [DEBUG] Internal candidate: 'Unlocking Tomorrow: Why Data Science is Your Next Big Adventure' -> http://localhost/aryzohn/unlocking-tomorrow-why-data-science-is-your-next-big-adventure/
[2026-08-11 07:14:06] [DEBUG] Internal candidate: 'From Siri to Sci-Fi: Exploring the Many AI Types' -> http://localhost/aryzohn/from-siri-to-sci-fi-exploring-the-many-ai-types/
[2026-08-11 07:14:06] [DEBUG] Internal candidate: 'Beyond Code: What's Next for Web Development in 2026?' -> http://localhost/aryzohn/beyond-code-whats-next-for-web-development-in-2026/
[2026-08-11 07:14:06] [DEBUG] Internal candidate: 'Unlocking Tomorrow: Your Guide to the AI Revolution' -> http://localhost/aryzohn/unlocking-tomorrow-your-guide-to-the-ai-revolution/
[2026-08-11 07:14:06] [DEBUG] Internal candidate: 'The Unseen Shadows: Navigating the Real Danger of AI in Our World' -> http://localhost/aryzohn/the-unseen-shadows-navigating-the-real-danger-of-ai-in-our-world/
[2026-08-11 07:14:06] [DEBUG] Internal candidate: 'Complete Guide to Ai: Everything You Need to Know' -> http://localhost/aryzohn/complete-guide-to-ai-everything-you-need-to-know/
[2026-08-11 07:14:06] [DEBUG] Internal candidate: 'Complete Guide to Dsafdsafsd: Everything You Need to Know' -> http://localhost/aryzohn/complete-guide-to-dsafdsafsd-everything-you-need-to-know/
[2026-08-11 07:14:06] [DEBUG] Internal candidate: 'Asdfdsa Explained: Key Concepts and Applications' -> http://localhost/aryzohn/asdfdsa-explained-key-concepts-and-applications/
[2026-08-11 07:14:06] [DEBUG] Internal candidate: 'IRS Form 1099-NEC Explained Simply: Your 2026 Gig Worker Guide' -> http://localhost/aryzohn/irs-form-1099-nec-explained-simply-your-2026-gig-worker-guide/
[2026-08-11 07:14:06] [DEBUG] Internal candidate: 'Web Hosting Companies in Abu Dhabi | How to Choose One' -> http://localhost/aryzohn/web-hosting-companies-in-abu-dhabi-how-to-choosing-one/
[2026-08-11 07:14:06] [DEBUG] Internal candidate: 'UI/UX Design Trends 2026: What Designers Must Know' -> http://localhost/aryzohn/ui-ux-design-trends-in-2026-what-designers-must-know/
[2026-08-11 07:14:06] [DEBUG] Internal candidate: 'Self Employed Mortgage Requirements 2025 for Retirement' -> http://localhost/aryzohn/self-employed-mortgage-requirements-2025-for-retirement/
[2026-08-11 07:14:06] [DEBUG] Internal candidate: 'Fiverr Freelancer Tax Guide 2025 (Filing 2026): DesignZeros.com' -> http://localhost/aryzohn/fiverr-freelancer-tax-guide-2025-filing-2026-designzeros-com/
[2026-08-11 07:14:06] [DEBUG] Internal candidate: 'How to Start Freelancing With No Experience' -> http://localhost/aryzohn/how-to-start-freelancing-with-no-experience/
[2026-08-11 07:14:06] [DEBUG] Internal candidate: 'Practical Wordpress Seo Tips to Boost Search Rankings' -> http://localhost/aryzohn/practical-wordpress-seo-tips-to-boost-search-rankings/
[2026-08-11 07:14:06] [DEBUG] Internal candidate: 'Why Most Websites Stay Invisible and How Search Optimization Changes Everything' -> http://localhost/aryzohn/why-most-websites-stay-invisible-and-how-search-optimization-changes-everything/
[2026-08-11 07:14:06] [DEBUG] Internal candidate: 'Is WordPress Still Worth It? An Honest Developer Take' -> http://localhost/aryzohn/is-wordpress-still-worth-it-an-honest-developer-take/
[2026-08-11 07:14:06] [DEBUG] Internal candidate: 'Beyond the Buzzwords: What Next Gen AI Really Means for You' -> http://localhost/aryzohn/beyond-the-buzzwords-what-next-gen-ai-really-means-for-you/
[2026-08-11 07:14:06] [DEBUG] Internal candidate: 'Beyond the Hype: Unpacking the Rise of New Chinese AIs' -> http://localhost/aryzohn/beyond-the-hype-unpacking-the-rise-of-new-chinese-ais/
[2026-08-11 07:14:06] [DEBUG] Internal candidate: 'Is the AI Bubble About to Burst? Unpacking the Hype and Reality' -> http://localhost/aryzohn/is-the-ai-bubble-about-to-burst-unpacking-the-hype-and-reality/
[2026-08-11 07:14:06] [DEBUG] Internal candidate: 'Beyond the Hype: Unpacking the Power of Intelligent Software' -> http://localhost/aryzohn/beyond-the-hype-unpacking-the-power-of-intelligent-software/
[2026-08-11 07:14:06] [DEBUG] Internal candidate: 'Beyond Sales: Unpacking the Dynamic World of the Business Development Manager' -> http://localhost/aryzohn/beyond-sales-unpacking-the-dynamic-world-of-the-business-development-manager/
[2026-08-11 07:14:06] [DEBUG] Internal candidate: 'Understanding Sdfsad: Expert Insights and Analysis' -> http://localhost/aryzohn/understanding-sdfsad-expert-insights-and-analysis/
[2026-08-11 07:14:06] [DEBUG] Internal candidate: 'The Ultimate Resource for Sadf in 2026' -> http://localhost/aryzohn/the-ultimate-resource-for-sadf-in-2026/
[2026-08-11 07:14:06] [DEBUG] Internal candidate: 'Mastering Best Seo Company In Uae: A Comprehensive Overview by 2026' -> http://localhost/aryzohn/mastering-best-seo-company-in-uae-a-comprehensive-overview-by-2026/
[2026-08-11 07:14:06] [DEBUG] Internal candidate: 'Project Management Tools for Startups 2026' -> http://localhost/aryzohn/project-management-tools-for-startups-2026/
[2026-08-11 07:14:06] [DEBUG] Internal candidate: 'Digital Agency Workflow Automation: Tools & Scalable Growth' -> http://localhost/aryzohn/innovation-in-digital-agencies-workflow-automation-scalable-growth/
[2026-08-11 07:14:06] [DEBUG] Internal candidate: 'Smart Systems Integration: Key to Digital Transformation' -> http://localhost/aryzohn/smart-systems-integration-the-backbone-of-modern-digital-transformation/
[2026-08-11 07:14:06] [DEBUG] Internal candidate: 'Business Process Automation Services: Tools & Examples' -> http://localhost/aryzohn/the-future-of-business-process-automation-tools-strategies-real-examples/
[2026-08-11 07:14:06] [DEBUG] Internal candidate: 'Business Process Automation: Examples & Tools' -> http://localhost/aryzohn/business-process-automation-examples-tools/
[2026-08-11 07:14:06] [DEBUG] Internal candidate: 'Digital Marketing Software Guide 2026 – Best Tools' -> http://localhost/aryzohn/%f0%9f%93%9d-digital-marketing-software-guide-2026-best-tools-to-grow-your-business/
[2026-08-11 07:14:06] [DEBUG] Internal candidate: 'Digital Marketing Services 2026 – Grow Your Business Online' -> http://localhost/aryzohn/digital-marketing-services-2026-complete-guide-to-grow-your-business-online/
[2026-08-11 07:14:06] [DEBUG] Internal candidate: 'Self Employment Tax Calculator Guide 2026 – Income & Job Ideas' -> http://localhost/aryzohn/self-employment-tax-calculator/
[2026-08-11 07:14:06] [DEBUG] Internal candidate: 'IT Professional Services to Boost Your Business Growth Online' -> http://localhost/aryzohn/technology-solutions-professional-services/
[2026-08-11 07:14:06] [DEBUG] Internal candidate: 'web design &amp; development' -> http://localhost/aryzohn/web-design-development/
[2026-08-11 07:14:06] [DEBUG] Internal candidate: 'Privacy Policy' -> http://localhost/aryzohn/privacy-policy/
[2026-08-11 07:14:06] [DEBUG] Internal candidate: 'Home' -> http://localhost/aryzohn/
[2026-08-11 07:14:06] [DEBUG] Internal candidate: 'Building High-Performance Teams That Fuel Company Growth' -> http://localhost/aryzohn/building-high-performance-teams-that-fuel-company-growth/
[2026-08-11 07:14:06] [DEBUG] Internal candidate: 'How to Improve Operational Efficiency and Boost Profit Margins' -> http://localhost/aryzohn/how-to-improve-operational-efficiency-and-boost-profit-margins/
[2026-08-11 07:14:06] [DEBUG] Internal candidate: 'Data-Driven Decision Making for Consistent Business Expansion' -> http://localhost/aryzohn/data-driven-decision-making-for-consistent-business-expansion/
[2026-08-11 07:14:06] [DEBUG] Internal candidate: 'How to Strengthen Your Brand Positioning for Maximum Market Impact' -> http://localhost/aryzohn/how-to-strengthen-your-brand-positioning-for-maximum-market-impact/
[2026-08-11 07:14:06] [DEBUG] Internal candidate: 'Proven Strategies to Increase Revenue Without Expanding Your Team' -> http://localhost/aryzohn/proven-strategies-to-increase-revenue-without-expanding-your-team/
[2026-08-11 07:14:06] [DEBUG] Internal candidate: 'How to Build a Scalable Business Model That Drives Long-Term Growth' -> http://localhost/aryzohn/how-to-build-a-scalable-business-model-that-drives-long-term-growth/
[2026-08-11 07:14:07] [DEBUG] Linked text: 'As artificial intelligence' -> http://localhost/aryzohn/will-humans-without-ai-be-left-behind-in-the-changing-economy/
[2026-08-11 07:14:07] [SUCCESS] Inserted internal link: 'Will Humans Without AI Be Left Behind in the Changing Economy?' -> http://localhost/aryzohn/will-humans-without-ai-be-left-behind-in-the-changing-economy/ (score: 131)
[2026-08-11 07:14:07] [DEBUG] Linked text: 'However, Level 4' -> http://localhost/aryzohn/the-great-unwind-are-humans-really-getting-lazy-with-ai/
[2026-08-11 07:14:07] [SUCCESS] Inserted internal link: 'The Great Unwind: Are Humans Really Getting Lazy with AI?' -> http://localhost/aryzohn/the-great-unwind-are-humans-really-getting-lazy-with-ai/ (score: 155)
[2026-08-11 07:14:07] [DEBUG] Linked text: 'If the automated' -> http://localhost/aryzohn/beyond-the-hype-unpacking-the-real-ai-danger-we-need-to-talk-about/
[2026-08-11 07:14:07] [SUCCESS] Inserted internal link: 'Beyond the Hype: Unpacking the Real AI Danger We Need to Talk About' -> http://localhost/aryzohn/beyond-the-hype-unpacking-the-real-ai-danger-we-need-to-talk-about/ (score: 158)
[2026-08-11 07:14:07] [DEBUG] Inserted 3 internal links out of 3 max
[2026-08-11 07:14:07] [DEBUG] External linking enabled, max: 3
[2026-08-11 07:14:07] [DEBUG] Searching for external links for keyword: 'which stage of ai will not need humans'
[2026-08-11 07:14:07] [DEBUG] Found 2 external links
[2026-08-11 07:14:07] [DEBUG] External candidate: 'What Are Intelligent Software Solutions And Why Do Businesses Need Them Now' -> https://aryzohn.com/what-are-intelligent-software-solutions-and-why-do-businesses-need-them-now/
[2026-08-11 07:14:07] [DEBUG] External candidate: 'Best Digital Planners In 2026 Which One Actually Fits How You Think' -> https://aryzohn.com/best-digital-planners-in-2026-which-one-actually-fits-how-you-think/
[2026-08-11 07:14:07] [DEBUG] Linked text: '{
    "seo_title": "Which Stage of AI Will Not Need Humans' -> https://aryzohn.com/what-are-intelligent-software-solutions-and-why-do-businesses-need-them-now/
[2026-08-11 07:14:07] [SUCCESS] Inserted external link: 'What Are Intelligent Software Solutions And Why Do Businesses Need Them Now' -> https://aryzohn.com/what-are-intelligent-software-solutions-and-why-do-businesses-need-them-now/ (score: 219)
[2026-08-11 07:14:07] [SUCCESS] Inserted external link: 'Best Digital Planners In 2026 Which One Actually Fits How You Think' -> https://aryzohn.com/best-digital-planners-in-2026-which-one-actually-fits-how-you-think/ (score: 159)
[2026-08-11 07:14:07] [DEBUG] Inserted 2 external links out of 3 max
[2026-08-11 07:14:07] [DEBUG] get_image_for_post received post_data: ["keyword","title"]
[2026-08-11 07:14:07] [INFO] Using blog keyword for image search: 'which stage of ai will not need humans'
[2026-08-11 07:14:07] [DEBUG] Searching Unsplash with query: 'which stage of ai will not need humans' (per_page: 30)
[2026-08-11 07:14:08] [INFO] UNSPLASH SUCCESS: Found 30 images
[2026-08-11 07:14:08] [DEBUG] Found 30 images for keyword: 'which stage of ai will not need humans'
[2026-08-11 07:14:08] [DEBUG] SCORE SUCCESS: Scored 30 images
[2026-08-11 07:14:08] [DEBUG] Top score: 36 (matches: 2)
[2026-08-11 07:14:08] [INFO] SUCCESS: Selected image with score: 36 for post
[2026-08-11 07:14:08] [DEBUG] Image URL: https://images.unsplash.com/photo-1627195477698-8958828299df?ixid=M3wxMDAzNDkxfDB8MXxzZWFyY2h8Nnx8d2...
[2026-08-11 07:14:09] [INFO] Image added to content
[2026-08-11 07:14:09] [DEBUG] Publishing post with title: Which Stage of AI Will Not Need Humans? Explaining AI Autonomy
[2026-08-11 07:14:09] [DEBUG] get_image_for_post received post_data: ["title","meta_description","content","featured_image","categories","keyword","author_id"]
[2026-08-11 07:14:09] [INFO] Using blog keyword for image search: 'which stage of ai will not need humans'
[2026-08-11 07:14:09] [DEBUG] Searching Unsplash with query: 'which stage of ai will not need humans' (per_page: 30)
[2026-08-11 07:14:09] [INFO] UNSPLASH SUCCESS: Found 30 images
[2026-08-11 07:14:09] [DEBUG] Found 30 images for keyword: 'which stage of ai will not need humans'
[2026-08-11 07:14:09] [DEBUG] SCORE SUCCESS: Scored 30 images
[2026-08-11 07:14:09] [DEBUG] Top score: 36 (matches: 2)
[2026-08-11 07:14:09] [INFO] SUCCESS: Selected image with score: 36 for post
[2026-08-11 07:14:09] [DEBUG] Image URL: https://images.unsplash.com/photo-1627195477698-8958828299df?ixid=M3wxMDAzNDkxfDB8MXxzZWFyY2h8Nnx8d2...
[2026-08-11 07:14:19] [SUCCESS] Post published successfully. ID: 3498
[2026-08-11 07:14:19] [ERROR] IndexNow: Post 3498 submission failed. Errors: 
[2026-08-11 07:14:19] [SUCCESS] Post published successfully. Post ID: 3498
[2026-08-11 08:38:45] [INFO] Starting regeneration for post ID: 3498
[2026-08-11 08:38:45] [INFO] Regenerating post for keyword: 'which stage of ai will not need humans'
[2026-08-11 08:38:45] [INFO] Starting research for keyword: 'which stage of ai will not need humans'
[2026-08-11 08:38:50] [DEBUG] Generated 6 queries for 'which stage of ai will not need humans' via AI
[2026-08-11 08:38:50] [DEBUG] Searching: 'which stage of ai will not need humans' (depth: basic)
[2026-08-11 08:38:53] [DEBUG] Searching: 'Which level of artificial intelligence operates completely without human intervention' (depth: advanced)
[2026-08-11 08:38:59] [DEBUG] Searching: 'What is stage 5 AI and does it require human supervision' (depth: advanced)
[2026-08-11 08:39:05] [DEBUG] Searching: 'Difference between artificial general intelligence and human independent superintelligence' (depth: advanced)
[2026-08-11 08:39:09] [DEBUG] Searching: 'Predicted timeline for fully autonomous AI that does not need human input' (depth: advanced)
[2026-08-11 08:39:14] [DEBUG] Searching: 'How can self-improving AI reach a stage of total human independence' (depth: advanced)
[2026-08-11 08:39:18] [INFO] Executed 6 searches (5 advanced, 1 basic)
[2026-08-11 08:39:18] [INFO] Analyzing 6 search responses
[2026-08-11 08:39:18] [SUCCESS] Research complete. Facts: 23, Sources: 28
[2026-08-11 08:39:55] [DEBUG] Content generated successfully for 'which stage of ai will not need humans'. Length: 10020
[2026-08-11 08:39:55] [DEBUG] Starting link addition for keyword: 'which stage of ai will not need humans'
[2026-08-11 08:39:55] [DEBUG] Internal linking enabled, max: 3
[2026-08-11 08:39:55] [DEBUG] Searching for internal links for keyword: 'which stage of ai will not need humans'
[2026-08-11 08:39:55] [DEBUG] Found 125 published posts/pages
[2026-08-11 08:39:55] [DEBUG] Found 99 relevant internal links
[2026-08-11 08:39:55] [DEBUG] Internal candidate: 'Which Stage of AI Will Not Need Humans? Explaining AI Autonomy' -> http://localhost/aryzohn/which-stage-of-ai-will-not-need-humans-explaining-ai-autonomy/
[2026-08-11 08:39:55] [DEBUG] Internal candidate: 'Will Humans Without AI Be Left Behind in the Changing Economy?' -> http://localhost/aryzohn/will-humans-without-ai-be-left-behind-in-the-changing-economy/
[2026-08-11 08:39:55] [DEBUG] Internal candidate: 'The Great Unwind: Are Humans Really Getting Lazy with AI?' -> http://localhost/aryzohn/the-great-unwind-are-humans-really-getting-lazy-with-ai/
[2026-08-11 08:39:55] [DEBUG] Internal candidate: 'Beyond the Hype: Unpacking the Real AI Danger We Need to Talk About' -> http://localhost/aryzohn/beyond-the-hype-unpacking-the-real-ai-danger-we-need-to-talk-about/
[2026-08-11 08:39:55] [DEBUG] Internal candidate: 'Complete Guide to Sda: Everything You Need to Know' -> http://localhost/aryzohn/complete-guide-to-sda-everything-you-need-to-know/
[2026-08-11 08:39:55] [DEBUG] Internal candidate: 'Practical Laravel Tips Every Developer Needs to Know' -> http://localhost/aryzohn/practical-laravel-tips-every-developer-needs-to-know/
[2026-08-11 08:39:55] [DEBUG] Internal candidate: 'Genrale Ai Explained: A Comprehensive Overview' -> http://localhost/aryzohn/genrale-ai-explained-a-comprehensive-overview/
[2026-08-11 08:39:55] [DEBUG] Internal candidate: 'Complete Guide to New Tech Ai: Everything You Need to Know' -> http://localhost/aryzohn/complete-guide-to-new-tech-ai-everything-you-need-to-know/
[2026-08-11 08:39:55] [DEBUG] Internal candidate: 'Complete Guide to Asd: Everything You Need to Know' -> http://localhost/aryzohn/complete-guide-to-asd-everything-you-need-to-know/
[2026-08-11 08:39:55] [DEBUG] Internal candidate: 'Custom Software Development: Everything You Need to Know in 2026' -> http://localhost/aryzohn/custom-software-development-everything-you-need-to-know-in-2026/
[2026-08-11 08:39:55] [DEBUG] Internal candidate: 'Should You Use AI for Content? Here is What Marketers Need to Know' -> http://localhost/aryzohn/should-you-use-ai-for-content-here-is-what-marketers-need-to-know/
[2026-08-11 08:39:55] [DEBUG] Internal candidate: 'Unlocking the Search Puzzle: Why Modern Keyword Research is Your Secret Weapon' -> http://localhost/aryzohn/unlocking-the-search-puzzle-why-modern-keyword-research-is-your-secret-weapon/
[2026-08-11 08:39:55] [DEBUG] Internal candidate: 'Mastering Blog Writing: Connect, Engage, and Grow Your Audience' -> http://localhost/aryzohn/mastering-blog-writing-connect-engage-and-grow-your-audience/
[2026-08-11 08:39:55] [DEBUG] Internal candidate: 'The Human Pulse of SEO Marketing: Why AI Needs Your Brain (and Heart)' -> http://localhost/aryzohn/the-human-pulse-of-seo-marketing-why-ai-needs-your-brain-and-heart/
[2026-08-11 08:39:55] [DEBUG] Internal candidate: 'The AI Horizon: What's Next with New Upcoming AIs?' -> http://localhost/aryzohn/the-ai-horizon-whats-next-with-new-upcoming-ais/
[2026-08-11 08:39:55] [DEBUG] Internal candidate: 'Unlock AI's Potential: Smart Using Tips for Everyone' -> http://localhost/aryzohn/unlock-ais-potential-smart-using-tips-for-everyone/
[2026-08-11 08:39:55] [DEBUG] Internal candidate: 'Complete Guide to Sda: Everything You Need to Know' -> http://localhost/aryzohn/complete-guide-to-sda-everything-you-need-to-know-2/
[2026-08-11 08:39:55] [DEBUG] Internal candidate: 'Complete Guide to F: Everything You Need to Know' -> http://localhost/aryzohn/complete-guide-to-f-everything-you-need-to-know/
[2026-08-11 08:39:55] [DEBUG] Internal candidate: 'Complete Guide to Sadfsda: Everything You Need to Know' -> http://localhost/aryzohn/complete-guide-to-sadfsda-everything-you-need-to-know/
[2026-08-11 08:39:55] [DEBUG] Internal candidate: 'Why Your Dubai Business Needs a World-Class UI/UX Designer (And How We Deliver)' -> http://localhost/aryzohn/why-your-dubai-business-needs-a-world-class-ui-ux-designer-and-how-we-deliver/
[2026-08-11 08:39:55] [DEBUG] Internal candidate: 'Are Your WordPress SEO Tips Actually Working? A Realist's Guide' -> http://localhost/aryzohn/are-your-wordpress-seo-tips-actually-working-a-realists-guide/
[2026-08-11 08:39:55] [DEBUG] Internal candidate: 'Why Most WordPress SEO Advice Fails (And What Actually Works)' -> http://localhost/aryzohn/why-most-wordpress-seo-advice-fails-and-what-actually-works/
[2026-08-11 08:39:55] [DEBUG] Internal candidate: 'Should You Use AI for Content? The Honest Truth for Writers' -> http://localhost/aryzohn/should-you-use-ai-for-content-the-honest-truth-for-writers/
[2026-08-11 08:39:55] [DEBUG] Internal candidate: 'Demystifying AI for Marketing: How to Scale Without Losing Your Soul' -> http://localhost/aryzohn/demystifying-ai-for-marketing-how-to-scale-without-losing-your-soul/
[2026-08-11 08:39:55] [DEBUG] Internal candidate: 'Why Your WordPress SEO Strategy Isn't Working (And How to Fix It)' -> http://localhost/aryzohn/why-your-wordpress-seo-strategy-isnt-working-and-how-to-fix-it/
[2026-08-11 08:39:55] [DEBUG] Internal candidate: 'Beyond Blue Links: Is the AI Search Engine the Future of Finding?' -> http://localhost/aryzohn/beyond-blue-links-is-the-ai-search-engine-the-future-of-finding/
[2026-08-11 08:39:55] [DEBUG] Internal candidate: 'Diving Deep: What's Next for Next Gen AI?' -> http://localhost/aryzohn/diving-deep-whats-next-for-next-gen-ai/
[2026-08-11 08:39:55] [DEBUG] Internal candidate: 'The Dawn of Super AI: Humanity's Next Frontier?' -> http://localhost/aryzohn/the-dawn-of-super-ai-humanitys-next-frontier/
[2026-08-11 08:39:55] [DEBUG] Internal candidate: 'AI Hacking: Are We Ready for the Digital Wild West?' -> http://localhost/aryzohn/ai-hacking-are-we-ready-for-the-digital-wild-west/
[2026-08-11 08:39:55] [DEBUG] Internal candidate: 'Beyond the Bots: Can Auto Blog Post Using AI Actually Sound Human?' -> http://localhost/aryzohn/beyond-the-bots-can-auto-blog-post-using-ai-actually-sound-human/
[2026-08-11 08:39:55] [DEBUG] Internal candidate: 'Beyond the Basics: What SEO Keyword Research *Really* Means in a Shifting Landscape' -> http://localhost/aryzohn/beyond-the-basics-what-seo-keyword-research-really-means-in-a-shifting-landscape/
[2026-08-11 08:39:55] [DEBUG] Internal candidate: 'Is SEO Marketing Still Relevant in an AI World? My Honest Take' -> http://localhost/aryzohn/is-seo-marketing-still-relevant-in-an-ai-world-my-honest-take/
[2026-08-11 08:39:55] [DEBUG] Internal candidate: 'Mastering Super Ai: Expert Tips and Best Practices' -> http://localhost/aryzohn/mastering-super-ai-expert-tips-and-best-practices/
[2026-08-11 08:39:55] [DEBUG] Internal candidate: 'Complete Guide to Bloging Issues: Everything You Need to Know' -> http://localhost/aryzohn/complete-guide-to-bloging-issues-everything-you-need-to-know/
[2026-08-11 08:39:55] [DEBUG] Internal candidate: 'Complete Guide to Deep Learning Ai: Everything You Need to Know' -> http://localhost/aryzohn/complete-guide-to-deep-learning-ai-everything-you-need-to-know/
[2026-08-11 08:39:55] [DEBUG] Internal candidate: 'Complete Guide to Asdfsda: Everything You Need to Know' -> http://localhost/aryzohn/complete-guide-to-asdfsda-everything-you-need-to-know/
[2026-08-11 08:39:55] [DEBUG] Internal candidate: 'Complete Guide to F: Everything You Need to Know' -> http://localhost/aryzohn/complete-guide-to-f-everything-you-need-to-know-2/
[2026-08-11 08:39:55] [DEBUG] Internal candidate: 'Independent Contractor vs Employee Taxes: My 2026 Gig Worker Survival Guide' -> http://localhost/aryzohn/independent-contractor-vs-employee-taxes-my-2026-gig-worker-survival-guide/
[2026-08-11 08:39:55] [DEBUG] Internal candidate: 'Separate Business &amp; Personal Finances as a Gig Worker: 2026 Guide' -> http://localhost/aryzohn/separate-business-personal-finances-as-a-gig-worker-2026-guide/
[2026-08-11 08:39:55] [DEBUG] Internal candidate: 'Instacart Shopper Tax Deductions: Your Complete 2026 Guide to Saving Big' -> http://localhost/aryzohn/instacart-shopper-tax-deductions-your-complete-2026-guide-to-saving-big/
[2026-08-11 08:39:55] [DEBUG] Internal candidate: 'Best Free Accounting Software for Freelancers 2026: Your Tax Season Lifesaver' -> http://localhost/aryzohn/best-free-accounting-software-for-freelancers-2026-your-tax-season-lifesaver/
[2026-08-11 08:39:55] [DEBUG] Internal candidate: 'Which Web App Operating System Is Best in 2026? Guide' -> http://localhost/aryzohn/which-operating-system-is-optimized-for-web-apps-2026-guide/
[2026-08-11 08:39:55] [DEBUG] Internal candidate: 'Side Hustle Income Tax Reporting Guide: Don't Fear the IRS in 2026!' -> http://localhost/aryzohn/side-hustle-income-tax-reporting-guide-dont-fear-the-irs-in-2026/
[2026-08-11 08:39:55] [DEBUG] Internal candidate: 'DoorDash Driver Tax Deductions: Your Full 2026 Guide to Saving Big' -> http://localhost/aryzohn/doordash-driver-tax-deductions-your-full-2026-guide-to-saving-big/
[2026-08-11 08:39:55] [DEBUG] Internal candidate: 'Grubhub Delivery Driver Taxes Explained: Your 2026 Guide' -> http://localhost/aryzohn/grubhub-delivery-driver-taxes-explained-your-2026-guide/
[2026-08-11 08:39:55] [DEBUG] Internal candidate: 'Practical Laravel Tips to Speed Up Your App and Write Cleaner Code' -> http://localhost/aryzohn/practical-laravel-tips-to-speed-up-your-app-and-write-cleaner-code/
[2026-08-11 08:39:55] [DEBUG] Internal candidate: 'Is AI for Small Businesses Actually Worth the Hype? A Candid Guide' -> http://localhost/aryzohn/is-ai-for-small-businesses-actually-worth-the-hype-a-candid-guide/
[2026-08-11 08:39:55] [DEBUG] Internal candidate: 'Stop Paying for Subscriptions: The Free AI Tools You'll Actually Use Every Day' -> http://localhost/aryzohn/stop-paying-for-subscriptions-the-free-ai-tools-youll-actually-use-every-day/
[2026-08-11 08:39:55] [DEBUG] Internal candidate: 'Why AI Lead Generation Still Fails (And How to Fix It)' -> http://localhost/aryzohn/why-ai-lead-generation-still-fails-and-how-to-fix-it/
[2026-08-11 08:39:55] [DEBUG] Internal candidate: 'Are You Still Writing Laravel Like It's 2018? Practical Laravel Tips' -> http://localhost/aryzohn/are-you-still-writing-laravel-like-its-2018-practical-laravel-tips/
[2026-08-11 08:39:55] [DEBUG] Internal candidate: 'Smart Chatbots: Are They Really Thinking, Or Just Really Good at Talking?' -> http://localhost/aryzohn/smart-chatbots-are-they-really-thinking-or-just-really-good-at-talking/
[2026-08-11 08:39:55] [DEBUG] Internal candidate: 'The Quantum Secret Inside Your CPU: Unpacking the Physics of Computer Processors' -> http://localhost/aryzohn/the-quantum-secret-inside-your-cpu-unpacking-the-physics-of-computer-processors/
[2026-08-11 08:39:55] [DEBUG] Internal candidate: 'Beyond the Core: What's Next for New Processor Types?' -> http://localhost/aryzohn/beyond-the-core-whats-next-for-new-processor-types/
[2026-08-11 08:39:55] [DEBUG] Internal candidate: 'Blogging in 2024: Is Your Voice Still Heard in the Digital Noise?' -> http://localhost/aryzohn/blogging-in-2024-is-your-voice-still-heard-in-the-digital-noise/
[2026-08-11 08:39:55] [DEBUG] Internal candidate: 'The Invisible Energy Bill: Unpacking AI Power Consumption' -> http://localhost/aryzohn/the-invisible-energy-bill-unpacking-ai-power-consumption/
[2026-08-11 08:39:55] [DEBUG] Internal candidate: 'Unlock Your WordPress Potential: Essential Tips for a Thriving Site' -> http://localhost/aryzohn/unlock-your-wordpress-potential-essential-tips-for-a-thriving-site/
[2026-08-11 08:39:55] [DEBUG] Internal candidate: 'Unlocking Tomorrow: Why Data Science is Your Next Big Adventure' -> http://localhost/aryzohn/unlocking-tomorrow-why-data-science-is-your-next-big-adventure/
[2026-08-11 08:39:55] [DEBUG] Internal candidate: 'From Siri to Sci-Fi: Exploring the Many AI Types' -> http://localhost/aryzohn/from-siri-to-sci-fi-exploring-the-many-ai-types/
[2026-08-11 08:39:55] [DEBUG] Internal candidate: 'Beyond Code: What's Next for Web Development in 2026?' -> http://localhost/aryzohn/beyond-code-whats-next-for-web-development-in-2026/
[2026-08-11 08:39:55] [DEBUG] Internal candidate: 'Unlocking Tomorrow: Your Guide to the AI Revolution' -> http://localhost/aryzohn/unlocking-tomorrow-your-guide-to-the-ai-revolution/
[2026-08-11 08:39:55] [DEBUG] Internal candidate: 'The Unseen Shadows: Navigating the Real Danger of AI in Our World' -> http://localhost/aryzohn/the-unseen-shadows-navigating-the-real-danger-of-ai-in-our-world/
[2026-08-11 08:39:55] [DEBUG] Internal candidate: 'Complete Guide to Ai: Everything You Need to Know' -> http://localhost/aryzohn/complete-guide-to-ai-everything-you-need-to-know/
[2026-08-11 08:39:55] [DEBUG] Internal candidate: 'Complete Guide to Dsafdsafsd: Everything You Need to Know' -> http://localhost/aryzohn/complete-guide-to-dsafdsafsd-everything-you-need-to-know/
[2026-08-11 08:39:55] [DEBUG] Internal candidate: 'Asdfdsa Explained: Key Concepts and Applications' -> http://localhost/aryzohn/asdfdsa-explained-key-concepts-and-applications/
[2026-08-11 08:39:55] [DEBUG] Internal candidate: 'IRS Form 1099-NEC Explained Simply: Your 2026 Gig Worker Guide' -> http://localhost/aryzohn/irs-form-1099-nec-explained-simply-your-2026-gig-worker-guide/
[2026-08-11 08:39:55] [DEBUG] Internal candidate: 'Web Hosting Companies in Abu Dhabi | How to Choose One' -> http://localhost/aryzohn/web-hosting-companies-in-abu-dhabi-how-to-choosing-one/
[2026-08-11 08:39:55] [DEBUG] Internal candidate: 'UI/UX Design Trends 2026: What Designers Must Know' -> http://localhost/aryzohn/ui-ux-design-trends-in-2026-what-designers-must-know/
[2026-08-11 08:39:55] [DEBUG] Internal candidate: 'Self Employed Mortgage Requirements 2025 for Retirement' -> http://localhost/aryzohn/self-employed-mortgage-requirements-2025-for-retirement/
[2026-08-11 08:39:55] [DEBUG] Internal candidate: 'Fiverr Freelancer Tax Guide 2025 (Filing 2026): DesignZeros.com' -> http://localhost/aryzohn/fiverr-freelancer-tax-guide-2025-filing-2026-designzeros-com/
[2026-08-11 08:39:55] [DEBUG] Internal candidate: 'How to Start Freelancing With No Experience' -> http://localhost/aryzohn/how-to-start-freelancing-with-no-experience/
[2026-08-11 08:39:55] [DEBUG] Internal candidate: 'Practical Wordpress Seo Tips to Boost Search Rankings' -> http://localhost/aryzohn/practical-wordpress-seo-tips-to-boost-search-rankings/
[2026-08-11 08:39:55] [DEBUG] Internal candidate: 'Why Most Websites Stay Invisible and How Search Optimization Changes Everything' -> http://localhost/aryzohn/why-most-websites-stay-invisible-and-how-search-optimization-changes-everything/
[2026-08-11 08:39:55] [DEBUG] Internal candidate: 'Is WordPress Still Worth It? An Honest Developer Take' -> http://localhost/aryzohn/is-wordpress-still-worth-it-an-honest-developer-take/
[2026-08-11 08:39:55] [DEBUG] Internal candidate: 'Beyond the Buzzwords: What Next Gen AI Really Means for You' -> http://localhost/aryzohn/beyond-the-buzzwords-what-next-gen-ai-really-means-for-you/
[2026-08-11 08:39:55] [DEBUG] Internal candidate: 'Beyond the Hype: Unpacking the Rise of New Chinese AIs' -> http://localhost/aryzohn/beyond-the-hype-unpacking-the-rise-of-new-chinese-ais/
[2026-08-11 08:39:55] [DEBUG] Internal candidate: 'Is the AI Bubble About to Burst? Unpacking the Hype and Reality' -> http://localhost/aryzohn/is-the-ai-bubble-about-to-burst-unpacking-the-hype-and-reality/
[2026-08-11 08:39:55] [DEBUG] Internal candidate: 'Beyond the Hype: Unpacking the Power of Intelligent Software' -> http://localhost/aryzohn/beyond-the-hype-unpacking-the-power-of-intelligent-software/
[2026-08-11 08:39:55] [DEBUG] Internal candidate: 'Beyond Sales: Unpacking the Dynamic World of the Business Development Manager' -> http://localhost/aryzohn/beyond-sales-unpacking-the-dynamic-world-of-the-business-development-manager/
[2026-08-11 08:39:55] [DEBUG] Internal candidate: 'Understanding Sdfsad: Expert Insights and Analysis' -> http://localhost/aryzohn/understanding-sdfsad-expert-insights-and-analysis/
[2026-08-11 08:39:55] [DEBUG] Internal candidate: 'The Ultimate Resource for Sadf in 2026' -> http://localhost/aryzohn/the-ultimate-resource-for-sadf-in-2026/
[2026-08-11 08:39:55] [DEBUG] Internal candidate: 'Mastering Best Seo Company In Uae: A Comprehensive Overview by 2026' -> http://localhost/aryzohn/mastering-best-seo-company-in-uae-a-comprehensive-overview-by-2026/
[2026-08-11 08:39:55] [DEBUG] Internal candidate: 'Project Management Tools for Startups 2026' -> http://localhost/aryzohn/project-management-tools-for-startups-2026/
[2026-08-11 08:39:55] [DEBUG] Internal candidate: 'Digital Agency Workflow Automation: Tools & Scalable Growth' -> http://localhost/aryzohn/innovation-in-digital-agencies-workflow-automation-scalable-growth/
[2026-08-11 08:39:55] [DEBUG] Internal candidate: 'Smart Systems Integration: Key to Digital Transformation' -> http://localhost/aryzohn/smart-systems-integration-the-backbone-of-modern-digital-transformation/
[2026-08-11 08:39:55] [DEBUG] Internal candidate: 'Business Process Automation Services: Tools & Examples' -> http://localhost/aryzohn/the-future-of-business-process-automation-tools-strategies-real-examples/
[2026-08-11 08:39:55] [DEBUG] Internal candidate: 'Business Process Automation: Examples & Tools' -> http://localhost/aryzohn/business-process-automation-examples-tools/
[2026-08-11 08:39:55] [DEBUG] Internal candidate: 'Digital Marketing Software Guide 2026 – Best Tools' -> http://localhost/aryzohn/%f0%9f%93%9d-digital-marketing-software-guide-2026-best-tools-to-grow-your-business/
[2026-08-11 08:39:55] [DEBUG] Internal candidate: 'Digital Marketing Services 2026 – Grow Your Business Online' -> http://localhost/aryzohn/digital-marketing-services-2026-complete-guide-to-grow-your-business-online/
[2026-08-11 08:39:55] [DEBUG] Internal candidate: 'Self Employment Tax Calculator Guide 2026 – Income & Job Ideas' -> http://localhost/aryzohn/self-employment-tax-calculator/
[2026-08-11 08:39:55] [DEBUG] Internal candidate: 'IT Professional Services to Boost Your Business Growth Online' -> http://localhost/aryzohn/technology-solutions-professional-services/
[2026-08-11 08:39:55] [DEBUG] Internal candidate: 'web design &amp; development' -> http://localhost/aryzohn/web-design-development/
[2026-08-11 08:39:55] [DEBUG] Internal candidate: 'Privacy Policy' -> http://localhost/aryzohn/privacy-policy/
[2026-08-11 08:39:55] [DEBUG] Internal candidate: 'Home' -> http://localhost/aryzohn/
[2026-08-11 08:39:55] [DEBUG] Internal candidate: 'Building High-Performance Teams That Fuel Company Growth' -> http://localhost/aryzohn/building-high-performance-teams-that-fuel-company-growth/
[2026-08-11 08:39:55] [DEBUG] Internal candidate: 'How to Improve Operational Efficiency and Boost Profit Margins' -> http://localhost/aryzohn/how-to-improve-operational-efficiency-and-boost-profit-margins/
[2026-08-11 08:39:55] [DEBUG] Internal candidate: 'Data-Driven Decision Making for Consistent Business Expansion' -> http://localhost/aryzohn/data-driven-decision-making-for-consistent-business-expansion/
[2026-08-11 08:39:55] [DEBUG] Internal candidate: 'How to Strengthen Your Brand Positioning for Maximum Market Impact' -> http://localhost/aryzohn/how-to-strengthen-your-brand-positioning-for-maximum-market-impact/
[2026-08-11 08:39:55] [DEBUG] Internal candidate: 'Proven Strategies to Increase Revenue Without Expanding Your Team' -> http://localhost/aryzohn/proven-strategies-to-increase-revenue-without-expanding-your-team/
[2026-08-11 08:39:55] [DEBUG] Internal candidate: 'How to Build a Scalable Business Model That Drives Long-Term Growth' -> http://localhost/aryzohn/how-to-build-a-scalable-business-model-that-drives-long-term-growth/
[2026-08-11 08:39:55] [DEBUG] AI analyzing placement for: 'Which Stage of AI Will Not Need Humans? Explaining AI Autonomy'
[2026-08-11 08:40:03] [DEBUG] AI response received for link analysis
[2026-08-11 08:40:03] [SUCCESS] AI inserted internal link: 'which stage of ai will not need humans' -> http://localhost/aryzohn/which-stage-of-ai-will-not-need-humans-explaining-ai-autonomy/
[2026-08-11 08:40:03] [DEBUG] AI analyzing placement for: 'Will Humans Without AI Be Left Behind in the Changing Economy?'
[2026-08-11 08:40:14] [DEBUG] AI response received for link analysis
[2026-08-11 08:40:14] [SUCCESS] AI inserted internal link: 'changes how industries build products, run networks' -> http://localhost/aryzohn/will-humans-without-ai-be-left-behind-in-the-changing-economy/
[2026-08-11 08:40:14] [DEBUG] AI analyzing placement for: 'The Great Unwind: Are Humans Really Getting Lazy with AI?'
[2026-08-11 08:40:24] [DEBUG] AI response received for link analysis
[2026-08-11 08:40:24] [SUCCESS] AI inserted internal link: 'which stage of ai will not need humans' -> http://localhost/aryzohn/the-great-unwind-are-humans-really-getting-lazy-with-ai/
[2026-08-11 08:40:24] [DEBUG] Inserted 3 internal links out of 3 max
[2026-08-11 08:40:24] [DEBUG] External linking enabled, max: 3
[2026-08-11 08:40:24] [DEBUG] Searching for external links for keyword: 'which stage of ai will not need humans'
[2026-08-11 08:40:24] [DEBUG] Found 2 external links
[2026-08-11 08:40:24] [DEBUG] External candidate: 'What Are Intelligent Software Solutions And Why Do Businesses Need Them Now' -> https://aryzohn.com/what-are-intelligent-software-solutions-and-why-do-businesses-need-them-now/
[2026-08-11 08:40:24] [DEBUG] External candidate: 'Best Digital Planners In 2026 Which One Actually Fits How You Think' -> https://aryzohn.com/best-digital-planners-in-2026-which-one-actually-fits-how-you-think/
[2026-08-11 08:40:24] [DEBUG] AI analyzing placement for: 'What Are Intelligent Software Solutions And Why Do Businesses Need Them Now'
[2026-08-11 08:40:34] [DEBUG] AI response received for link analysis
[2026-08-11 08:40:34] [SUCCESS] AI inserted external link: 'building software that manages, fixes, and expands itself' -> https://aryzohn.com/what-are-intelligent-software-solutions-and-why-do-businesses-need-them-now/
[2026-08-11 08:40:34] [DEBUG] AI analyzing placement for: 'Best Digital Planners In 2026 Which One Actually Fits How You Think'
[2026-08-11 08:40:40] [DEBUG] AI response received for link analysis
[2026-08-11 08:40:40] [SUCCESS] Inserted external link (fallback): 'Moving from basic digital helpers to independent decision makers changes how industries build products, run networks, and manage physical infrastructure.' -> https://aryzohn.com/best-digital-planners-in-2026-which-one-actually-fits-how-you-think/
[2026-08-11 08:40:40] [DEBUG] Inserted 2 external links out of 3 max
[2026-08-11 08:40:40] [DEBUG] get_image_for_post received post_data: ["keyword","title"]
[2026-08-11 08:40:40] [INFO] Using blog keyword for image search: 'which stage of ai will not need humans'
[2026-08-11 08:40:40] [DEBUG] Searching Unsplash with query: 'which stage of ai will not need humans' (per_page: 30)
[2026-08-11 08:40:42] [INFO] UNSPLASH SUCCESS: Found 30 images
[2026-08-11 08:40:42] [DEBUG] Found 30 images for keyword: 'which stage of ai will not need humans'
[2026-08-11 08:40:42] [DEBUG] SCORE SUCCESS: Scored 30 images
[2026-08-11 08:40:42] [DEBUG] Top score: 36 (matches: 2)
[2026-08-11 08:40:42] [INFO] SUCCESS: Selected image with score: 36 for post
[2026-08-11 08:40:42] [DEBUG] Image URL: https://images.unsplash.com/photo-1627195477698-8958828299df?ixid=M3wxMDAzNDkxfDB8MXxzZWFyY2h8N3x8d2...
[2026-08-11 08:40:43] [INFO] Image added to regenerated content
[2026-08-11 08:40:52] [SUCCESS] Post updated successfully. ID: 3498
[2026-08-11 08:40:52] [SUCCESS] Post regenerated successfully. Post ID: 3498
[2026-08-11 11:18:00] [INFO] Daily sitemap sync completed. 15 links discovered.
