[2026-08-12 07:57:27] [DEBUG] Searching Unsplash with query: 'which stage of ai will not need humans' (per_page: 30)
[2026-08-12 07:57:28] [INFO] UNSPLASH SUCCESS: Found 30 images
[2026-08-12 07:57:28] [DEBUG] SCORE SUCCESS: Scored 30 images
[2026-08-12 07:57:28] [DEBUG] Top score: 36 (matches: 2)
[2026-08-12 07:57:38] [DEBUG] Searching Unsplash with query: 'ai automation' (per_page: 30)
[2026-08-12 07:57:40] [INFO] UNSPLASH SUCCESS: Found 30 images
[2026-08-12 07:57:40] [DEBUG] SCORE SUCCESS: Scored 30 images
[2026-08-12 07:57:40] [DEBUG] Top score: 31 (matches: 0)
[2026-08-12 07:58:00] [DEBUG] Searching Unsplash with query: 'robots automation' (per_page: 30)
[2026-08-12 07:58:01] [INFO] UNSPLASH SUCCESS: Found 30 images
[2026-08-12 07:58:01] [DEBUG] SCORE SUCCESS: Scored 30 images
[2026-08-12 07:58:01] [DEBUG] Top score: 40 (matches: 1)
[2026-08-12 07:58:23] [SUCCESS] Featured image set successfully for post ID: 3498 with alt text: 'which stage of ai will not need humans'
[2026-08-12 07:58:34] [DEBUG] Searching Unsplash with query: 'robots vs humans' (per_page: 30)
[2026-08-12 07:58:35] [INFO] UNSPLASH SUCCESS: Found 30 images
[2026-08-12 07:58:35] [DEBUG] SCORE SUCCESS: Scored 30 images
[2026-08-12 07:58:35] [DEBUG] Top score: 35 (matches: 0)
[2026-08-12 07:58:46] [DEBUG] Searching Unsplash with query: 'robots vs humans' (per_page: 30)
[2026-08-12 07:58:46] [INFO] UNSPLASH SUCCESS: Found 30 images
[2026-08-12 07:58:46] [DEBUG] SCORE SUCCESS: Scored 30 images
[2026-08-12 07:58:46] [DEBUG] Top score: 35 (matches: 0)
[2026-08-12 07:59:31] [SUCCESS] Featured image set successfully for post ID: 3498 with alt text: 'which stage of ai will not need humans'
[2026-08-12 10:30:56] [INFO] Processing keyword: 'Can Intelligence Exist Without Consciousness?' (Author ID: 3)
[2026-08-12 10:30:56] [INFO] Starting research for keyword: 'Can Intelligence Exist Without Consciousness?'
[2026-08-12 10:31:00] [DEBUG] Generated 6 queries for 'Can Intelligence Exist Without Consciousness?' via AI
[2026-08-12 10:31:00] [DEBUG] Searching: 'Can Intelligence Exist Without Consciousness?' (depth: basic)
[2026-08-12 10:31:03] [DEBUG] Searching: 'Difference between intelligence and consciousness in artificial intelligence' (depth: advanced)
[2026-08-12 10:31:10] [DEBUG] Searching: 'Philosophical arguments for non-conscious intelligence' (depth: basic)
[2026-08-12 10:31:12] [DEBUG] Searching: 'Examples of intelligent behavior without subjective consciousness' (depth: advanced)
[2026-08-12 10:31:16] [DEBUG] Searching: 'Can artificial general intelligence exist without sentience' (depth: advanced)
[2026-08-12 10:31:21] [DEBUG] Searching: 'Intelligence vs consciousness in cognitive science and neurobiology' (depth: advanced)
[2026-08-12 10:31:27] [INFO] Executed 6 searches (4 advanced, 2 basic)
[2026-08-12 10:31:27] [INFO] Analyzing 6 search responses
[2026-08-12 10:31:27] [SUCCESS] Research complete. Facts: 23, Sources: 27
[2026-08-12 10:32:00] [DEBUG] Content generated successfully for 'Can Intelligence Exist Without Consciousness?'. Length: 9028
[2026-08-12 10:32:00] [DEBUG] Content generated successfully. Length: 9028
[2026-08-12 10:32:00] [DEBUG] Starting link addition for keyword: 'Can Intelligence Exist Without Consciousness?'
[2026-08-12 10:32:00] [DEBUG] Internal linking enabled, max: 1
[2026-08-12 10:32:00] [DEBUG] Searching for internal links for keyword: 'Can Intelligence Exist Without Consciousness?'
[2026-08-12 10:32:00] [DEBUG] Found 125 published posts/pages
[2026-08-12 10:32:00] [DEBUG] Found 72 relevant internal links
[2026-08-12 10:32:00] [DEBUG] Internal candidate: 'Will Humans Without AI Be Left Behind in the Changing Economy?' -> http://localhost/aryzohn/will-humans-without-ai-be-left-behind-in-the-changing-economy/
[2026-08-12 10:32:00] [DEBUG] Internal candidate: 'Is AI for Small Businesses Actually Worth the Hype? A Candid Guide' -> http://localhost/aryzohn/is-ai-for-small-businesses-actually-worth-the-hype-a-candid-guide/
[2026-08-12 10:32:00] [DEBUG] Internal candidate: 'Demystifying AI for Marketing: How to Scale Without Losing Your Soul' -> http://localhost/aryzohn/demystifying-ai-for-marketing-how-to-scale-without-losing-your-soul/
[2026-08-12 10:32:00] [DEBUG] Internal candidate: 'Proven Strategies to Increase Revenue Without Expanding Your Team' -> http://localhost/aryzohn/proven-strategies-to-increase-revenue-without-expanding-your-team/
[2026-08-12 10:32:00] [DEBUG] Internal candidate: 'Beyond the Core: What's Next for New Processor Types?' -> http://localhost/aryzohn/beyond-the-core-whats-next-for-new-processor-types/
[2026-08-12 10:32:00] [DEBUG] Internal candidate: 'The Invisible Energy Bill: Unpacking AI Power Consumption' -> http://localhost/aryzohn/the-invisible-energy-bill-unpacking-ai-power-consumption/
[2026-08-12 10:32:00] [DEBUG] Internal candidate: 'From Siri to Sci-Fi: Exploring the Many AI Types' -> http://localhost/aryzohn/from-siri-to-sci-fi-exploring-the-many-ai-types/
[2026-08-12 10:32:00] [DEBUG] Internal candidate: 'Beyond the Hype: Unpacking the Real AI Danger We Need to Talk About' -> http://localhost/aryzohn/beyond-the-hype-unpacking-the-real-ai-danger-we-need-to-talk-about/
[2026-08-12 10:32:00] [DEBUG] Internal candidate: 'Beyond the Bots: Can Auto Blog Post Using AI Actually Sound Human?' -> http://localhost/aryzohn/beyond-the-bots-can-auto-blog-post-using-ai-actually-sound-human/
[2026-08-12 10:32:00] [DEBUG] Internal candidate: 'Genrale Ai Explained: A Comprehensive Overview' -> http://localhost/aryzohn/genrale-ai-explained-a-comprehensive-overview/
[2026-08-12 10:32:00] [DEBUG] Internal candidate: 'Which Stage of AI Will Not Need Humans? Explaining AI Autonomy' -> http://localhost/aryzohn/which-stage-of-ai-will-not-need-humans-explaining-ai-autonomy/
[2026-08-12 10:32:00] [DEBUG] Internal candidate: 'Why Most WordPress SEO Advice Fails (And What Actually Works)' -> http://localhost/aryzohn/why-most-wordpress-seo-advice-fails-and-what-actually-works/
[2026-08-12 10:32:00] [DEBUG] Internal candidate: 'Why Most Websites Stay Invisible and How Search Optimization Changes Everything' -> http://localhost/aryzohn/why-most-websites-stay-invisible-and-how-search-optimization-changes-everything/
[2026-08-12 10:32:00] [DEBUG] Internal candidate: 'Should You Use AI for Content? The Honest Truth for Writers' -> http://localhost/aryzohn/should-you-use-ai-for-content-the-honest-truth-for-writers/
[2026-08-12 10:32:00] [DEBUG] Internal candidate: 'Should You Use AI for Content? Here is What Marketers Need to Know' -> http://localhost/aryzohn/should-you-use-ai-for-content-here-is-what-marketers-need-to-know/
[2026-08-12 10:32:00] [DEBUG] Internal candidate: 'Why Your WordPress SEO Strategy Isn't Working (And How to Fix It)' -> http://localhost/aryzohn/why-your-wordpress-seo-strategy-isnt-working-and-how-to-fix-it/
[2026-08-12 10:32:00] [DEBUG] Internal candidate: 'Beyond Blue Links: Is the AI Search Engine the Future of Finding?' -> http://localhost/aryzohn/beyond-blue-links-is-the-ai-search-engine-the-future-of-finding/
[2026-08-12 10:32:00] [DEBUG] Internal candidate: 'Beyond the Buzzwords: What Next Gen AI Really Means for You' -> http://localhost/aryzohn/beyond-the-buzzwords-what-next-gen-ai-really-means-for-you/
[2026-08-12 10:32:00] [DEBUG] Internal candidate: 'The Quantum Secret Inside Your CPU: Unpacking the Physics of Computer Processors' -> http://localhost/aryzohn/the-quantum-secret-inside-your-cpu-unpacking-the-physics-of-computer-processors/
[2026-08-12 10:32:00] [DEBUG] Internal candidate: 'Is the AI Bubble About to Burst? Unpacking the Hype and Reality' -> http://localhost/aryzohn/is-the-ai-bubble-about-to-burst-unpacking-the-hype-and-reality/
[2026-08-12 10:32:00] [DEBUG] Internal candidate: 'Unlock Your WordPress Potential: Essential Tips for a Thriving Site' -> http://localhost/aryzohn/unlock-your-wordpress-potential-essential-tips-for-a-thriving-site/
[2026-08-12 10:32:00] [DEBUG] Internal candidate: 'Unlocking Tomorrow: Your Guide to the AI Revolution' -> http://localhost/aryzohn/unlocking-tomorrow-your-guide-to-the-ai-revolution/
[2026-08-12 10:32:00] [DEBUG] Internal candidate: 'The AI Horizon: What's Next with New Upcoming AIs?' -> http://localhost/aryzohn/the-ai-horizon-whats-next-with-new-upcoming-ais/
[2026-08-12 10:32:00] [DEBUG] Internal candidate: 'The Unseen Shadows: Navigating the Real Danger of AI in Our World' -> http://localhost/aryzohn/the-unseen-shadows-navigating-the-real-danger-of-ai-in-our-world/
[2026-08-12 10:32:00] [DEBUG] Internal candidate: 'The Dawn of Super AI: Humanity's Next Frontier?' -> http://localhost/aryzohn/the-dawn-of-super-ai-humanitys-next-frontier/
[2026-08-12 10:32:00] [DEBUG] Internal candidate: 'Beyond the Basics: What SEO Keyword Research *Really* Means in a Shifting Landscape' -> http://localhost/aryzohn/beyond-the-basics-what-seo-keyword-research-really-means-in-a-shifting-landscape/
[2026-08-12 10:32:00] [DEBUG] Internal candidate: 'The Great Unwind: Are Humans Really Getting Lazy with AI?' -> http://localhost/aryzohn/the-great-unwind-are-humans-really-getting-lazy-with-ai/
[2026-08-12 10:32:00] [DEBUG] Internal candidate: 'Mastering Super Ai: Expert Tips and Best Practices' -> http://localhost/aryzohn/mastering-super-ai-expert-tips-and-best-practices/
[2026-08-12 10:32:00] [DEBUG] Internal candidate: 'Complete Guide to New Tech Ai: Everything You Need to Know' -> http://localhost/aryzohn/complete-guide-to-new-tech-ai-everything-you-need-to-know/
[2026-08-12 10:32:00] [DEBUG] Internal candidate: 'Complete Guide to Sda: Everything You Need to Know' -> http://localhost/aryzohn/complete-guide-to-sda-everything-you-need-to-know-2/
[2026-08-12 10:32:00] [DEBUG] Internal candidate: 'Complete Guide to Sadfsda: Everything You Need to Know' -> http://localhost/aryzohn/complete-guide-to-sadfsda-everything-you-need-to-know/
[2026-08-12 10:32:00] [DEBUG] Internal candidate: 'Are Your WordPress SEO Tips Actually Working? A Realist's Guide' -> http://localhost/aryzohn/are-your-wordpress-seo-tips-actually-working-a-realists-guide/
[2026-08-12 10:32:00] [DEBUG] Internal candidate: 'Practical Laravel Tips to Speed Up Your App and Write Cleaner Code' -> http://localhost/aryzohn/practical-laravel-tips-to-speed-up-your-app-and-write-cleaner-code/
[2026-08-12 10:32:00] [DEBUG] Internal candidate: 'Practical Laravel Tips Every Developer Needs to Know' -> http://localhost/aryzohn/practical-laravel-tips-every-developer-needs-to-know/
[2026-08-12 10:32:00] [DEBUG] Internal candidate: 'Stop Paying for Subscriptions: The Free AI Tools You'll Actually Use Every Day' -> http://localhost/aryzohn/stop-paying-for-subscriptions-the-free-ai-tools-youll-actually-use-every-day/
[2026-08-12 10:32:00] [DEBUG] Internal candidate: 'Why AI Lead Generation Still Fails (And How to Fix It)' -> http://localhost/aryzohn/why-ai-lead-generation-still-fails-and-how-to-fix-it/
[2026-08-12 10:32:00] [DEBUG] Internal candidate: 'Is WordPress Still Worth It? An Honest Developer Take' -> http://localhost/aryzohn/is-wordpress-still-worth-it-an-honest-developer-take/
[2026-08-12 10:32:00] [DEBUG] Internal candidate: 'Are You Still Writing Laravel Like It's 2018? Practical Laravel Tips' -> http://localhost/aryzohn/are-you-still-writing-laravel-like-its-2018-practical-laravel-tips/
[2026-08-12 10:32:00] [DEBUG] Internal candidate: 'Blogging in 2024: Is Your Voice Still Heard in the Digital Noise?' -> http://localhost/aryzohn/blogging-in-2024-is-your-voice-still-heard-in-the-digital-noise/
[2026-08-12 10:32:00] [DEBUG] Internal candidate: 'Beyond the Hype: Unpacking the Rise of New Chinese AIs' -> http://localhost/aryzohn/beyond-the-hype-unpacking-the-rise-of-new-chinese-ais/
[2026-08-12 10:32:00] [DEBUG] Internal candidate: 'Unlocking the Search Puzzle: Why Modern Keyword Research is Your Secret Weapon' -> http://localhost/aryzohn/unlocking-the-search-puzzle-why-modern-keyword-research-is-your-secret-weapon/
[2026-08-12 10:32:00] [DEBUG] Internal candidate: 'Beyond Sales: Unpacking the Dynamic World of the Business Development Manager' -> http://localhost/aryzohn/beyond-sales-unpacking-the-dynamic-world-of-the-business-development-manager/
[2026-08-12 10:32:00] [DEBUG] Internal candidate: 'Diving Deep: What's Next for Next Gen AI?' -> http://localhost/aryzohn/diving-deep-whats-next-for-next-gen-ai/
[2026-08-12 10:32:00] [DEBUG] Internal candidate: 'Unlock AI's Potential: Smart Using Tips for Everyone' -> http://localhost/aryzohn/unlock-ais-potential-smart-using-tips-for-everyone/
[2026-08-12 10:32:00] [DEBUG] Internal candidate: 'AI Hacking: Are We Ready for the Digital Wild West?' -> http://localhost/aryzohn/ai-hacking-are-we-ready-for-the-digital-wild-west/
[2026-08-12 10:32:00] [DEBUG] Internal candidate: 'Complete Guide to Bloging Issues: Everything You Need to Know' -> http://localhost/aryzohn/complete-guide-to-bloging-issues-everything-you-need-to-know/
[2026-08-12 10:32:00] [DEBUG] Internal candidate: 'Complete Guide to Asd: Everything You Need to Know' -> http://localhost/aryzohn/complete-guide-to-asd-everything-you-need-to-know/
[2026-08-12 10:32:00] [DEBUG] Internal candidate: 'Understanding Sdfsad: Expert Insights and Analysis' -> http://localhost/aryzohn/understanding-sdfsad-expert-insights-and-analysis/
[2026-08-12 10:32:00] [DEBUG] Internal candidate: 'Mastering Best Seo Company In Uae: A Comprehensive Overview by 2026' -> http://localhost/aryzohn/mastering-best-seo-company-in-uae-a-comprehensive-overview-by-2026/
[2026-08-12 10:32:00] [DEBUG] Internal candidate: 'Web Hosting Companies in Abu Dhabi | How to Choose One' -> http://localhost/aryzohn/web-hosting-companies-in-abu-dhabi-how-to-choosing-one/
[2026-08-12 10:32:00] [DEBUG] Internal candidate: 'Best Free Accounting Software for Freelancers 2026: Your Tax Season Lifesaver' -> http://localhost/aryzohn/best-free-accounting-software-for-freelancers-2026-your-tax-season-lifesaver/
[2026-08-12 10:32:00] [DEBUG] Internal candidate: 'Project Management Tools for Startups 2026' -> http://localhost/aryzohn/project-management-tools-for-startups-2026/
[2026-08-12 10:32:00] [DEBUG] Internal candidate: 'Good Self Employed Jobs 2026: Retirement Income Ideas' -> http://localhost/aryzohn/good-self-employed-jobs-2026-retirement-income-ideas/
[2026-08-12 10:32:00] [DEBUG] Internal candidate: 'Self Employed Job Ideas 2026: Best Retirement Income Options' -> http://localhost/aryzohn/self-employed-job-ideas-2026-best-retirement-income-options/
[2026-08-12 10:32:00] [DEBUG] Internal candidate: 'Self Employment After Retirement Ideas 2026' -> http://localhost/aryzohn/self-employment-after-retirement-ideas-2026/
[2026-08-12 10:32:00] [DEBUG] Internal candidate: 'Freelancing in 2026: How to Start and Get Your First Clients Fast' -> http://localhost/aryzohn/freelancing-in-2026-how-to-start-and-get-your-first-clients-fast/
[2026-08-12 10:32:00] [DEBUG] Internal candidate: 'freelancer mortgage tips 2025 Budgeting & Requirements Guide' -> http://localhost/aryzohn/freelancer-mortgage-tips-2025/
[2026-08-12 10:32:00] [DEBUG] Internal candidate: 'Smart Systems Integration: Key to Digital Transformation' -> http://localhost/aryzohn/smart-systems-integration-the-backbone-of-modern-digital-transformation/
[2026-08-12 10:32:00] [DEBUG] Internal candidate: 'Why Your Dubai Business Needs a World-Class UI/UX Designer (And How We Deliver)' -> http://localhost/aryzohn/why-your-dubai-business-needs-a-world-class-ui-ux-designer-and-how-we-deliver/
[2026-08-12 10:32:00] [DEBUG] Internal candidate: 'tools to automate sales workflow for agencies' -> http://localhost/aryzohn/tools-to-automate-sales-workflow-for-agencies/
[2026-08-12 10:32:00] [DEBUG] Internal candidate: 'Business Process Automation Examples for Modern Agencies' -> http://localhost/aryzohn/business-process-automation-examples-for-modern-agencies/
[2026-08-12 10:32:00] [DEBUG] Internal candidate: 'Digital Marketing Software Guide 2026 – Best Tools' -> http://localhost/aryzohn/%f0%9f%93%9d-digital-marketing-software-guide-2026-best-tools-to-grow-your-business/
[2026-08-12 10:32:00] [DEBUG] Internal candidate: 'Digital Marketing Services 2026 – Grow Your Business Online' -> http://localhost/aryzohn/digital-marketing-services-2026-complete-guide-to-grow-your-business-online/
[2026-08-12 10:32:00] [DEBUG] Internal candidate: 'Freelance brand scaling 2026 – Grow Income Fast' -> http://localhost/aryzohn/freelance-brand-scaling-2026-grow-income-fast/
[2026-08-12 10:32:00] [DEBUG] Internal candidate: 'Freelance Visa Dubai Price 2026: Cost, Cheapest Options & Step-by-Step Guide' -> http://localhost/aryzohn/freelance-visa-dubai-price-2026-cost-cheapest-options-step-by-step-guide/
[2026-08-12 10:32:00] [DEBUG] Internal candidate: 'How to Start Freelancing With No Experience' -> http://localhost/aryzohn/how-to-start-freelancing-with-no-experience/
[2026-08-12 10:32:00] [DEBUG] Internal candidate: 'Custom Software Development: Everything You Need to Know in 2026' -> http://localhost/aryzohn/custom-software-development-everything-you-need-to-know-in-2026/
[2026-08-12 10:32:00] [DEBUG] Internal candidate: 'Building High-Performance Teams That Fuel Company Growth' -> http://localhost/aryzohn/building-high-performance-teams-that-fuel-company-growth/
[2026-08-12 10:32:00] [DEBUG] Internal candidate: 'How to Improve Operational Efficiency and Boost Profit Margins' -> http://localhost/aryzohn/how-to-improve-operational-efficiency-and-boost-profit-margins/
[2026-08-12 10:32:00] [DEBUG] Internal candidate: 'Data-Driven Decision Making for Consistent Business Expansion' -> http://localhost/aryzohn/data-driven-decision-making-for-consistent-business-expansion/
[2026-08-12 10:32:00] [DEBUG] Internal candidate: 'How to Strengthen Your Brand Positioning for Maximum Market Impact' -> http://localhost/aryzohn/how-to-strengthen-your-brand-positioning-for-maximum-market-impact/
[2026-08-12 10:32:00] [DEBUG] Internal candidate: 'How to Build a Scalable Business Model That Drives Long-Term Growth' -> http://localhost/aryzohn/how-to-build-a-scalable-business-model-that-drives-long-term-growth/
[2026-08-12 10:32:00] [DEBUG] AI analyzing placement for: 'Will Humans Without AI Be Left Behind in the Changing Economy?'
[2026-08-12 10:32:10] [DEBUG] AI response received for link analysis
[2026-08-12 10:32:10] [SUCCESS] AI inserted internal link: 'As artificial models grow more capable' -> http://localhost/aryzohn/will-humans-without-ai-be-left-behind-in-the-changing-economy/
[2026-08-12 10:32:10] [DEBUG] Inserted 1 internal links out of 1 max
[2026-08-12 10:32:10] [DEBUG] External linking enabled, max: 2
[2026-08-12 10:32:10] [DEBUG] Searching for external links for keyword: 'Can Intelligence Exist Without Consciousness?'
[2026-08-12 10:32:10] [WARNING] No external links found for keyword: 'Can Intelligence Exist Without Consciousness?'
[2026-08-12 10:32:10] [DEBUG] get_image_for_post received post_data: ["keyword","title"]
[2026-08-12 10:32:10] [INFO] Using blog keyword for image search: 'Can Intelligence Exist Without Consciousness?'
[2026-08-12 10:32:10] [DEBUG] Searching Unsplash with query: 'Can Intelligence Exist Without Consciousness?' (per_page: 30)
[2026-08-12 10:32:12] [INFO] UNSPLASH SUCCESS: Found 30 images
[2026-08-12 10:32:12] [DEBUG] Found 30 images for keyword: 'Can Intelligence Exist Without Consciousness?'
[2026-08-12 10:32:12] [DEBUG] SCORE SUCCESS: Scored 30 images
[2026-08-12 10:32:12] [DEBUG] Top score: 48 (matches: 2)
[2026-08-12 10:32:12] [INFO] SUCCESS: Selected image with score: 48 for post
[2026-08-12 10:32:12] [DEBUG] Image URL: https://images.unsplash.com/photo-1770233621425-5d9ee7a0a700?ixid=M3wxMDAzNDkxfDB8MXxzZWFyY2h8Mnx8Q2...
[2026-08-12 10:32:12] [INFO] Image added to content
[2026-08-12 10:32:12] [DEBUG] Publishing post with title: Can Intelligence Exist Without Consciousness? What Science Reveals
[2026-08-12 10:32:13] [DEBUG] get_image_for_post received post_data: ["title","meta_description","content","featured_image","categories","keyword","author_id"]
[2026-08-12 10:32:13] [INFO] Using blog keyword for image search: 'Can Intelligence Exist Without Consciousness?'
[2026-08-12 10:32:13] [DEBUG] Searching Unsplash with query: 'Can Intelligence Exist Without Consciousness?' (per_page: 30)
[2026-08-12 10:32:13] [INFO] UNSPLASH SUCCESS: Found 30 images
[2026-08-12 10:32:13] [DEBUG] Found 30 images for keyword: 'Can Intelligence Exist Without Consciousness?'
[2026-08-12 10:32:13] [DEBUG] SCORE SUCCESS: Scored 30 images
[2026-08-12 10:32:13] [DEBUG] Top score: 48 (matches: 2)
[2026-08-12 10:32:13] [INFO] SUCCESS: Selected image with score: 48 for post
[2026-08-12 10:32:13] [DEBUG] Image URL: https://images.unsplash.com/photo-1770233621425-5d9ee7a0a700?ixid=M3wxMDAzNDkxfDB8MXxzZWFyY2h8Mnx8Q2...
[2026-08-12 10:32:17] [SUCCESS] Post published successfully. ID: 3504
[2026-08-12 10:32:17] [ERROR] IndexNow: Post 3504 submission failed. Errors: 
[2026-08-12 10:32:17] [SUCCESS] Post published successfully. Post ID: 3504
[2026-08-12 11:07:58] [INFO] Daily sitemap sync completed. 15 links discovered.
